<?xml version="1.0" encoding="UTF-8" ?>
<testsuites name="vitest tests" tests="493" failures="0" errors="0" time="3.142740957">
    <testsuite name="src/__tests__/placeholder.test.ts" timestamp="2025-07-01T20:29:51.182Z" hostname="MacBookPro.lan" tests="4" failures="0" errors="0" skipped="0" time="0.002819833">
        <testcase classname="src/__tests__/placeholder.test.ts" name="Development Infrastructure &gt; should load core constants" time="0.000794333">
        </testcase>
        <testcase classname="src/__tests__/placeholder.test.ts" name="Development Infrastructure &gt; should have test runner configured" time="0.000235083">
        </testcase>
        <testcase classname="src/__tests__/placeholder.test.ts" name="Development Infrastructure &gt; should be able to import dependencies" time="0.000478834">
        </testcase>
        <testcase classname="src/__tests__/placeholder.test.ts" name="Development Infrastructure &gt; should have core functionality" time="0.000079417">
        </testcase>
    </testsuite>
    <testsuite name="src/__tests__/core/container.test.ts" timestamp="2025-07-01T20:29:51.183Z" hostname="MacBookPro.lan" tests="11" failures="0" errors="0" skipped="0" time="0.004383125">
        <testcase classname="src/__tests__/core/container.test.ts" name="Service Container &gt; Service Registration &gt; should register and resolve a factory function" time="0.000848917">
        </testcase>
        <testcase classname="src/__tests__/core/container.test.ts" name="Service Container &gt; Service Registration &gt; should register and resolve an instance" time="0.000183083">
        </testcase>
        <testcase classname="src/__tests__/core/container.test.ts" name="Service Container &gt; Service Registration &gt; should create new instances for factory registrations" time="0.000507833">
        </testcase>
        <testcase classname="src/__tests__/core/container.test.ts" name="Service Container &gt; Service Registration &gt; should return same instance for singleton registrations" time="0.000081875">
        </testcase>
        <testcase classname="src/__tests__/core/container.test.ts" name="Service Container &gt; Service Resolution &gt; should throw error for unregistered service" time="0.000458375">
        </testcase>
        <testcase classname="src/__tests__/core/container.test.ts" name="Service Container &gt; Service Resolution &gt; should check if service exists" time="0.000155875">
        </testcase>
        <testcase classname="src/__tests__/core/container.test.ts" name="Service Container &gt; Container Management &gt; should clear all services" time="0.000102167">
        </testcase>
        <testcase classname="src/__tests__/core/container.test.ts" name="Service Container &gt; SERVICE_KEYS Constants &gt; should have all required service keys" time="0.000154292">
        </testcase>
        <testcase classname="src/__tests__/core/container.test.ts" name="Service Container &gt; SERVICE_KEYS Constants &gt; should have unique service key values" time="0.000208917">
        </testcase>
        <testcase classname="src/__tests__/core/container.test.ts" name="Service Container &gt; Error Handling &gt; should handle factory function errors gracefully" time="0.000120458">
        </testcase>
        <testcase classname="src/__tests__/core/container.test.ts" name="Service Container &gt; Error Handling &gt; should provide meaningful error messages" time="0.000080209">
        </testcase>
    </testsuite>
    <testsuite name="src/__tests__/core/engine-new-features.test.ts" timestamp="2025-07-01T20:29:51.185Z" hostname="MacBookPro.lan" tests="15" failures="0" errors="0" skipped="0" time="0.0694395">
        <testcase classname="src/__tests__/core/engine-new-features.test.ts" name="SliderEngine - New Features (Phase 2.2) &gt; Play/Pause Toggle Feature &gt; should start with isPlaying false" time="0.001066833">
        </testcase>
        <testcase classname="src/__tests__/core/engine-new-features.test.ts" name="SliderEngine - New Features (Phase 2.2) &gt; Play/Pause Toggle Feature &gt; should toggle from not playing to playing" time="0.0003275">
        </testcase>
        <testcase classname="src/__tests__/core/engine-new-features.test.ts" name="SliderEngine - New Features (Phase 2.2) &gt; Play/Pause Toggle Feature &gt; should toggle from playing to not playing" time="0.000210958">
        </testcase>
        <testcase classname="src/__tests__/core/engine-new-features.test.ts" name="SliderEngine - New Features (Phase 2.2) &gt; Play/Pause Toggle Feature &gt; should maintain play state through multiple toggles" time="0.000220166">
        </testcase>
        <testcase classname="src/__tests__/core/engine-new-features.test.ts" name="SliderEngine - New Features (Phase 2.2) &gt; Play/Pause Toggle Feature &gt; should emit PLAY_STATE_CHANGED event when toggling" time="0.001392459">
        </testcase>
        <testcase classname="src/__tests__/core/engine-new-features.test.ts" name="SliderEngine - New Features (Phase 2.2) &gt; Play/Pause Toggle Feature &gt; should update accessibility state when toggling play/pause" time="0.000831459">
        </testcase>
        <testcase classname="src/__tests__/core/engine-new-features.test.ts" name="SliderEngine - New Features (Phase 2.2) &gt; Play/Pause Toggle Feature &gt; should handle accessibility updates gracefully when controller is not available" time="0.001579459">
        </testcase>
        <testcase classname="src/__tests__/core/engine-new-features.test.ts" name="SliderEngine - New Features (Phase 2.2) &gt; Escape Key Feature &gt; should handle escape without throwing errors" time="0.000852875">
        </testcase>
        <testcase classname="src/__tests__/core/engine-new-features.test.ts" name="SliderEngine - New Features (Phase 2.2) &gt; Escape Key Feature &gt; should emit error event if navigation fails" time="0.059334667">
        </testcase>
        <testcase classname="src/__tests__/core/engine-new-features.test.ts" name="SliderEngine - New Features (Phase 2.2) &gt; Escape Key Feature &gt; should pause if playing when escape is pressed" time="0.00036675">
        </testcase>
        <testcase classname="src/__tests__/core/engine-new-features.test.ts" name="SliderEngine - New Features (Phase 2.2) &gt; Escape Key Feature &gt; should update accessibility state when escape resets play state" time="0.000327125">
        </testcase>
        <testcase classname="src/__tests__/core/engine-new-features.test.ts" name="SliderEngine - New Features (Phase 2.2) &gt; Integration Behavior &gt; should maintain independent state for play/pause and escape features" time="0.00017325">
        </testcase>
        <testcase classname="src/__tests__/core/engine-new-features.test.ts" name="SliderEngine - New Features (Phase 2.2) &gt; Integration Behavior &gt; should emit appropriate events for all new features" time="0.000167458">
        </testcase>
        <testcase classname="src/__tests__/core/engine-new-features.test.ts" name="SliderEngine - New Features (Phase 2.2) &gt; Type Safety and API Consistency &gt; should have consistent return types" time="0.000156">
        </testcase>
        <testcase classname="src/__tests__/core/engine-new-features.test.ts" name="SliderEngine - New Features (Phase 2.2) &gt; Type Safety and API Consistency &gt; should work correctly when called in any order" time="0.000178958">
        </testcase>
    </testsuite>
    <testsuite name="src/__tests__/core/engine.test.ts" timestamp="2025-07-01T20:29:51.186Z" hostname="MacBookPro.lan" tests="32" failures="0" errors="0" skipped="0" time="0.224469833">
        <testcase classname="src/__tests__/core/engine.test.ts" name="SliderEngine &gt; Initialization &gt; should initialize successfully with valid config" time="0.004988833">
        </testcase>
        <testcase classname="src/__tests__/core/engine.test.ts" name="SliderEngine &gt; Initialization &gt; should handle initialization errors gracefully" time="0.001339667">
        </testcase>
        <testcase classname="src/__tests__/core/engine.test.ts" name="SliderEngine &gt; Initialization &gt; should set loading progress during initialization" time="0.000399333">
        </testcase>
        <testcase classname="src/__tests__/core/engine.test.ts" name="SliderEngine &gt; Navigation &gt; should navigate to specific slide" time="0.000695375">
        </testcase>
        <testcase classname="src/__tests__/core/engine.test.ts" name="SliderEngine &gt; Navigation &gt; should use physics for animated transitions" time="0.000419667">
        </testcase>
        <testcase classname="src/__tests__/core/engine.test.ts" name="SliderEngine &gt; Navigation &gt; should skip animation for instant transitions" time="0.00035725">
        </testcase>
        <testcase classname="src/__tests__/core/engine.test.ts" name="SliderEngine &gt; Navigation &gt; should reject invalid slide indices" time="0.000255125">
        </testcase>
        <testcase classname="src/__tests__/core/engine.test.ts" name="SliderEngine &gt; Navigation &gt; should prevent navigation during transitions" time="0.101479042">
        </testcase>
        <testcase classname="src/__tests__/core/engine.test.ts" name="SliderEngine &gt; Navigation &gt; should navigate to next slide with wraparound" time="0.000853833">
        </testcase>
        <testcase classname="src/__tests__/core/engine.test.ts" name="SliderEngine &gt; Navigation &gt; should navigate to previous slide with wraparound" time="0.000308708">
        </testcase>
        <testcase classname="src/__tests__/core/engine.test.ts" name="SliderEngine &gt; Navigation &gt; should update accessibility state during navigation" time="0.000359917">
        </testcase>
        <testcase classname="src/__tests__/core/engine.test.ts" name="SliderEngine &gt; Navigation &gt; should update accessibility state during next/previous navigation" time="0.000338375">
        </testcase>
        <testcase classname="src/__tests__/core/engine.test.ts" name="SliderEngine &gt; Navigation &gt; should handle navigation errors gracefully" time="0.000389834">
        </testcase>
        <testcase classname="src/__tests__/core/engine.test.ts" name="SliderEngine &gt; State Management &gt; should return current state" time="0.000332625">
        </testcase>
        <testcase classname="src/__tests__/core/engine.test.ts" name="SliderEngine &gt; State Management &gt; should return current index" time="0.000242417">
        </testcase>
        <testcase classname="src/__tests__/core/engine.test.ts" name="SliderEngine &gt; State Management &gt; should return total slides" time="0.000231416">
        </testcase>
        <testcase classname="src/__tests__/core/engine.test.ts" name="SliderEngine &gt; State Management &gt; should return transition status" time="0.000254584">
        </testcase>
        <testcase classname="src/__tests__/core/engine.test.ts" name="SliderEngine &gt; State Management &gt; should emit state change events" time="0.006128084">
        </testcase>
        <testcase classname="src/__tests__/core/engine.test.ts" name="SliderEngine &gt; Event Handling &gt; should subscribe to events" time="0.028356666">
        </testcase>
        <testcase classname="src/__tests__/core/engine.test.ts" name="SliderEngine &gt; Event Handling &gt; should unsubscribe from events" time="0.0004745">
        </testcase>
        <testcase classname="src/__tests__/core/engine.test.ts" name="SliderEngine &gt; Event Handling &gt; should emit events" time="0.000254">
        </testcase>
        <testcase classname="src/__tests__/core/engine.test.ts" name="SliderEngine &gt; Drag Interactions &gt; should handle drag start events" time="0.0003305">
        </testcase>
        <testcase classname="src/__tests__/core/engine.test.ts" name="SliderEngine &gt; Drag Interactions &gt; should apply scale effect during drag move" time="0.03050625">
        </testcase>
        <testcase classname="src/__tests__/core/engine.test.ts" name="SliderEngine &gt; Drag Interactions &gt; should reset scale on drag end" time="0.028926917">
        </testcase>
        <testcase classname="src/__tests__/core/engine.test.ts" name="SliderEngine &gt; Input Callbacks &gt; should handle swipe left input" time="0.011498833">
        </testcase>
        <testcase classname="src/__tests__/core/engine.test.ts" name="SliderEngine &gt; Input Callbacks &gt; should handle swipe right input" time="0.000410583">
        </testcase>
        <testcase classname="src/__tests__/core/engine.test.ts" name="SliderEngine &gt; Input Callbacks &gt; should handle keyboard left input" time="0.000287791">
        </testcase>
        <testcase classname="src/__tests__/core/engine.test.ts" name="SliderEngine &gt; Input Callbacks &gt; should handle keyboard right input" time="0.000331667">
        </testcase>
        <testcase classname="src/__tests__/core/engine.test.ts" name="SliderEngine &gt; Cleanup and Destruction &gt; should destroy all services and reset state" time="0.00043275">
        </testcase>
        <testcase classname="src/__tests__/core/engine.test.ts" name="SliderEngine &gt; Edge Cases &gt; should handle empty image array" time="0.000327542">
        </testcase>
        <testcase classname="src/__tests__/core/engine.test.ts" name="SliderEngine &gt; Edge Cases &gt; should handle navigation before initialization" time="0.00026675">
        </testcase>
        <testcase classname="src/__tests__/core/engine.test.ts" name="SliderEngine &gt; Edge Cases &gt; should handle missing services gracefully" time="0.000381375">
        </testcase>
    </testsuite>
    <testsuite name="src/__tests__/core/event-emitter.test.ts" timestamp="2025-07-01T20:29:51.191Z" hostname="MacBookPro.lan" tests="13" failures="0" errors="0" skipped="0" time="0.026833708">
        <testcase classname="src/__tests__/core/event-emitter.test.ts" name="SimpleEventEmitter &gt; Event Subscription &gt; should register event listeners" time="0.000977042">
        </testcase>
        <testcase classname="src/__tests__/core/event-emitter.test.ts" name="SimpleEventEmitter &gt; Event Subscription &gt; should handle multiple listeners for same event" time="0.001146583">
        </testcase>
        <testcase classname="src/__tests__/core/event-emitter.test.ts" name="SimpleEventEmitter &gt; Event Subscription &gt; should handle multiple events independently" time="0.000391834">
        </testcase>
        <testcase classname="src/__tests__/core/event-emitter.test.ts" name="SimpleEventEmitter &gt; Event Emission &gt; should emit events with correct data" time="0.000267458">
        </testcase>
        <testcase classname="src/__tests__/core/event-emitter.test.ts" name="SimpleEventEmitter &gt; Event Emission &gt; should handle events with no listeners" time="0.000371667">
        </testcase>
        <testcase classname="src/__tests__/core/event-emitter.test.ts" name="SimpleEventEmitter &gt; Event Emission &gt; should emit events without data" time="0.000173625">
        </testcase>
        <testcase classname="src/__tests__/core/event-emitter.test.ts" name="SimpleEventEmitter &gt; Event Unsubscription &gt; should remove specific listener" time="0.000172833">
        </testcase>
        <testcase classname="src/__tests__/core/event-emitter.test.ts" name="SimpleEventEmitter &gt; Event Unsubscription &gt; should remove all listeners for an event" time="0.000181084">
        </testcase>
        <testcase classname="src/__tests__/core/event-emitter.test.ts" name="SimpleEventEmitter &gt; Event Unsubscription &gt; should handle removing non-existent listener" time="0.000255">
        </testcase>
        <testcase classname="src/__tests__/core/event-emitter.test.ts" name="SimpleEventEmitter &gt; Event Unsubscription &gt; should handle removing from non-existent event" time="0.000105541">
        </testcase>
        <testcase classname="src/__tests__/core/event-emitter.test.ts" name="SimpleEventEmitter &gt; Event Listener Management &gt; should not affect other events when removing listeners" time="0.000221625">
        </testcase>
        <testcase classname="src/__tests__/core/event-emitter.test.ts" name="SimpleEventEmitter &gt; Error Handling &gt; should handle listener errors gracefully" time="0.000256916">
        </testcase>
        <testcase classname="src/__tests__/core/event-emitter.test.ts" name="SimpleEventEmitter &gt; Memory Management &gt; should not leak memory when adding/removing many listeners" time="0.020663834">
        </testcase>
    </testsuite>
    <testsuite name="src/__tests__/core/sprite-helpers.test.ts" timestamp="2025-07-01T20:29:51.193Z" hostname="MacBookPro.lan" tests="52" failures="0" errors="0" skipped="0" time="0.007928292">
        <testcase classname="src/__tests__/core/sprite-helpers.test.ts" name="Sprite Helpers &gt; getBaseScale &gt; should return baseScale when property exists" time="0.000855333">
        </testcase>
        <testcase classname="src/__tests__/core/sprite-helpers.test.ts" name="Sprite Helpers &gt; getBaseScale &gt; should return SCALE.DEFAULT when baseScale is undefined" time="0.000191709">
        </testcase>
        <testcase classname="src/__tests__/core/sprite-helpers.test.ts" name="Sprite Helpers &gt; getBaseScale &gt; should return SCALE.DEFAULT when baseScale is null" time="0.000085209">
        </testcase>
        <testcase classname="src/__tests__/core/sprite-helpers.test.ts" name="Sprite Helpers &gt; getBaseScale &gt; should return SCALE.DEFAULT when baseScale is 0" time="0.000141584">
        </testcase>
        <testcase classname="src/__tests__/core/sprite-helpers.test.ts" name="Sprite Helpers &gt; getBaseScale &gt; should handle very small baseScale values" time="0.00007">
        </testcase>
        <testcase classname="src/__tests__/core/sprite-helpers.test.ts" name="Sprite Helpers &gt; getBaseScale &gt; should handle very large baseScale values" time="0.000074542">
        </testcase>
        <testcase classname="src/__tests__/core/sprite-helpers.test.ts" name="Sprite Helpers &gt; getBaseScale &gt; should handle negative baseScale values" time="0.000054542">
        </testcase>
        <testcase classname="src/__tests__/core/sprite-helpers.test.ts" name="Sprite Helpers &gt; setBaseScale &gt; should set baseScale property on sprite" time="0.000109375">
        </testcase>
        <testcase classname="src/__tests__/core/sprite-helpers.test.ts" name="Sprite Helpers &gt; setBaseScale &gt; should overwrite existing baseScale" time="0.000230083">
        </testcase>
        <testcase classname="src/__tests__/core/sprite-helpers.test.ts" name="Sprite Helpers &gt; setBaseScale &gt; should handle zero scale" time="0.000072792">
        </testcase>
        <testcase classname="src/__tests__/core/sprite-helpers.test.ts" name="Sprite Helpers &gt; setBaseScale &gt; should handle negative scale" time="0.000047416">
        </testcase>
        <testcase classname="src/__tests__/core/sprite-helpers.test.ts" name="Sprite Helpers &gt; setBaseScale &gt; should handle decimal scale values" time="0.000040167">
        </testcase>
        <testcase classname="src/__tests__/core/sprite-helpers.test.ts" name="Sprite Helpers &gt; setBaseScale &gt; should handle very large scale values" time="0.000042167">
        </testcase>
        <testcase classname="src/__tests__/core/sprite-helpers.test.ts" name="Sprite Helpers &gt; calculateFinalScale &gt; should multiply base scale by multiplier" time="0.00008625">
        </testcase>
        <testcase classname="src/__tests__/core/sprite-helpers.test.ts" name="Sprite Helpers &gt; calculateFinalScale &gt; should use SCALE.DEFAULT when baseScale not set" time="0.000045459">
        </testcase>
        <testcase classname="src/__tests__/core/sprite-helpers.test.ts" name="Sprite Helpers &gt; calculateFinalScale &gt; should handle zero multiplier" time="0.000042292">
        </testcase>
        <testcase classname="src/__tests__/core/sprite-helpers.test.ts" name="Sprite Helpers &gt; calculateFinalScale &gt; should handle negative multiplier" time="0.000040875">
        </testcase>
        <testcase classname="src/__tests__/core/sprite-helpers.test.ts" name="Sprite Helpers &gt; calculateFinalScale &gt; should handle very small multipliers" time="0.0000425">
        </testcase>
        <testcase classname="src/__tests__/core/sprite-helpers.test.ts" name="Sprite Helpers &gt; calculateFinalScale &gt; should handle very large multipliers" time="0.000040417">
        </testcase>
        <testcase classname="src/__tests__/core/sprite-helpers.test.ts" name="Sprite Helpers &gt; applyUniformScale &gt; should apply scale to both x and y" time="0.000120667">
        </testcase>
        <testcase classname="src/__tests__/core/sprite-helpers.test.ts" name="Sprite Helpers &gt; applyUniformScale &gt; should handle zero scale" time="0.000051958">
        </testcase>
        <testcase classname="src/__tests__/core/sprite-helpers.test.ts" name="Sprite Helpers &gt; applyUniformScale &gt; should handle negative scales" time="0.000050333">
        </testcase>
        <testcase classname="src/__tests__/core/sprite-helpers.test.ts" name="Sprite Helpers &gt; applyUniformScale &gt; should overwrite existing different x/y scales" time="0.000052042">
        </testcase>
        <testcase classname="src/__tests__/core/sprite-helpers.test.ts" name="Sprite Helpers &gt; applyUniformScale &gt; should handle very small scales" time="0.000049">
        </testcase>
        <testcase classname="src/__tests__/core/sprite-helpers.test.ts" name="Sprite Helpers &gt; applyUniformScale &gt; should handle very large scales" time="0.000047125">
        </testcase>
        <testcase classname="src/__tests__/core/sprite-helpers.test.ts" name="Sprite Helpers &gt; normalizeScale &gt; should return scale within bounds unchanged" time="0.000104708">
        </testcase>
        <testcase classname="src/__tests__/core/sprite-helpers.test.ts" name="Sprite Helpers &gt; normalizeScale &gt; should clamp scale to minimum" time="0.000040708">
        </testcase>
        <testcase classname="src/__tests__/core/sprite-helpers.test.ts" name="Sprite Helpers &gt; normalizeScale &gt; should clamp scale to maximum" time="0.000039917">
        </testcase>
        <testcase classname="src/__tests__/core/sprite-helpers.test.ts" name="Sprite Helpers &gt; normalizeScale &gt; should handle scale exactly at minimum" time="0.000037791">
        </testcase>
        <testcase classname="src/__tests__/core/sprite-helpers.test.ts" name="Sprite Helpers &gt; normalizeScale &gt; should handle scale exactly at maximum" time="0.000038375">
        </testcase>
        <testcase classname="src/__tests__/core/sprite-helpers.test.ts" name="Sprite Helpers &gt; normalizeScale &gt; should handle zero scale" time="0.000041834">
        </testcase>
        <testcase classname="src/__tests__/core/sprite-helpers.test.ts" name="Sprite Helpers &gt; normalizeScale &gt; should handle very small positive scales" time="0.000081333">
        </testcase>
        <testcase classname="src/__tests__/core/sprite-helpers.test.ts" name="Sprite Helpers &gt; calculateDragScaleFactor &gt; should calculate scale factor from drag distance" time="0.0000545">
        </testcase>
        <testcase classname="src/__tests__/core/sprite-helpers.test.ts" name="Sprite Helpers &gt; calculateDragScaleFactor &gt; should cap at maximum when distance exceeds threshold" time="0.000039625">
        </testcase>
        <testcase classname="src/__tests__/core/sprite-helpers.test.ts" name="Sprite Helpers &gt; calculateDragScaleFactor &gt; should handle zero distance" time="0.000040375">
        </testcase>
        <testcase classname="src/__tests__/core/sprite-helpers.test.ts" name="Sprite Helpers &gt; calculateDragScaleFactor &gt; should handle negative distance (absolute value)" time="0.000039042">
        </testcase>
        <testcase classname="src/__tests__/core/sprite-helpers.test.ts" name="Sprite Helpers &gt; calculateDragScaleFactor &gt; should handle zero intensity" time="0.000037334">
        </testcase>
        <testcase classname="src/__tests__/core/sprite-helpers.test.ts" name="Sprite Helpers &gt; calculateDragScaleFactor &gt; should handle negative intensity" time="0.000038125">
        </testcase>
        <testcase classname="src/__tests__/core/sprite-helpers.test.ts" name="Sprite Helpers &gt; calculateDragScaleFactor &gt; should handle zero threshold gracefully" time="0.000038208">
        </testcase>
        <testcase classname="src/__tests__/core/sprite-helpers.test.ts" name="Sprite Helpers &gt; calculateDragScaleFactor &gt; should handle very small thresholds" time="0.0000385">
        </testcase>
        <testcase classname="src/__tests__/core/sprite-helpers.test.ts" name="Sprite Helpers &gt; calculateDragScaleFactor &gt; should handle high intensity values" time="0.000038708">
        </testcase>
        <testcase classname="src/__tests__/core/sprite-helpers.test.ts" name="Sprite Helpers &gt; Edge Cases and Error Handling &gt; should throw appropriate errors for null sprites" time="0.000442833">
        </testcase>
        <testcase classname="src/__tests__/core/sprite-helpers.test.ts" name="Sprite Helpers &gt; Edge Cases and Error Handling &gt; should throw appropriate errors for undefined sprites" time="0.000124125">
        </testcase>
        <testcase classname="src/__tests__/core/sprite-helpers.test.ts" name="Sprite Helpers &gt; Edge Cases and Error Handling &gt; should handle sprites with missing properties" time="0.000123583">
        </testcase>
        <testcase classname="src/__tests__/core/sprite-helpers.test.ts" name="Sprite Helpers &gt; Edge Cases and Error Handling &gt; should handle infinite and NaN values" time="0.000129625">
        </testcase>
        <testcase classname="src/__tests__/core/sprite-helpers.test.ts" name="Sprite Helpers &gt; Edge Cases and Error Handling &gt; should handle NaN in normalize scale" time="0.00004075">
        </testcase>
        <testcase classname="src/__tests__/core/sprite-helpers.test.ts" name="Sprite Helpers &gt; Edge Cases and Error Handling &gt; should handle Infinity in normalize scale" time="0.00003925">
        </testcase>
        <testcase classname="src/__tests__/core/sprite-helpers.test.ts" name="Sprite Helpers &gt; Performance &gt; should efficiently handle many scale operations" time="0.0004605">
        </testcase>
        <testcase classname="src/__tests__/core/sprite-helpers.test.ts" name="Sprite Helpers &gt; Performance &gt; should efficiently normalize many scales" time="0.000177416">
        </testcase>
        <testcase classname="src/__tests__/core/sprite-helpers.test.ts" name="Sprite Helpers &gt; Performance &gt; should efficiently calculate many drag scale factors" time="0.000197917">
        </testcase>
        <testcase classname="src/__tests__/core/sprite-helpers.test.ts" name="Sprite Helpers &gt; Integration Scenarios &gt; should work together for common drag interaction pattern" time="0.000102">
        </testcase>
        <testcase classname="src/__tests__/core/sprite-helpers.test.ts" name="Sprite Helpers &gt; Integration Scenarios &gt; should maintain consistency across multiple operations" time="0.000061541">
        </testcase>
    </testsuite>
    <testsuite name="src/__tests__/input/controller.test.ts" timestamp="2025-07-01T20:29:51.199Z" hostname="MacBookPro.lan" tests="15" failures="0" errors="0" skipped="0" time="0.013657459">
        <testcase classname="src/__tests__/input/controller.test.ts" name="SliderController &gt; Initialization and Configuration &gt; should initialize with default configuration" time="0.001525875">
        </testcase>
        <testcase classname="src/__tests__/input/controller.test.ts" name="SliderController &gt; Initialization and Configuration &gt; should initialize with element and callbacks" time="0.002824666">
        </testcase>
        <testcase classname="src/__tests__/input/controller.test.ts" name="SliderController &gt; Initialization and Configuration &gt; should update configuration correctly" time="0.000476875">
        </testcase>
        <testcase classname="src/__tests__/input/controller.test.ts" name="SliderController &gt; Initialization and Configuration &gt; should setup event listeners during initialization" time="0.000895209">
        </testcase>
        <testcase classname="src/__tests__/input/controller.test.ts" name="SliderController &gt; Enable/Disable Functionality &gt; should enable input handling" time="0.000471042">
        </testcase>
        <testcase classname="src/__tests__/input/controller.test.ts" name="SliderController &gt; Enable/Disable Functionality &gt; should disable input handling" time="0.00039425">
        </testcase>
        <testcase classname="src/__tests__/input/controller.test.ts" name="SliderController &gt; Event Cleanup &gt; should properly clean up event listeners" time="0.00039975">
        </testcase>
        <testcase classname="src/__tests__/input/controller.test.ts" name="SliderController &gt; Event Cleanup &gt; should handle multiple destroy calls gracefully" time="0.000488084">
        </testcase>
        <testcase classname="src/__tests__/input/controller.test.ts" name="SliderController &gt; Configuration Management &gt; should handle partial configuration updates" time="0.000378375">
        </testcase>
        <testcase classname="src/__tests__/input/controller.test.ts" name="SliderController &gt; Configuration Management &gt; should preserve unmodified configuration properties" time="0.00035">
        </testcase>
        <testcase classname="src/__tests__/input/controller.test.ts" name="SliderController &gt; Accessibility State Management &gt; should update slide state for accessibility" time="0.000919292">
        </testcase>
        <testcase classname="src/__tests__/input/controller.test.ts" name="SliderController &gt; Accessibility State Management &gt; should handle valid slide state parameters" time="0.000492875">
        </testcase>
        <testcase classname="src/__tests__/input/controller.test.ts" name="SliderController &gt; Accessibility State Management &gt; should update play state for accessibility" time="0.000734917">
        </testcase>
        <testcase classname="src/__tests__/input/controller.test.ts" name="SliderController &gt; Accessibility State Management &gt; should handle accessibility updates before initialization gracefully" time="0.000416542">
        </testcase>
        <testcase classname="src/__tests__/input/controller.test.ts" name="SliderController &gt; Accessibility State Management &gt; should update accessibility state when KeyboardNavigator is available" time="0.000498084">
        </testcase>
    </testsuite>
    <testsuite name="src/__tests__/input/event-throttler.test.ts" timestamp="2025-07-01T20:29:51.201Z" hostname="MacBookPro.lan" tests="25" failures="0" errors="0" skipped="0" time="0.87489625">
        <testcase classname="src/__tests__/input/event-throttler.test.ts" name="EventThrottler &gt; Initialization &gt; should initialize with default configuration" time="0.003626542">
        </testcase>
        <testcase classname="src/__tests__/input/event-throttler.test.ts" name="EventThrottler &gt; Initialization &gt; should initialize with custom configuration" time="0.000392875">
        </testcase>
        <testcase classname="src/__tests__/input/event-throttler.test.ts" name="EventThrottler &gt; Initialization &gt; should handle partial configuration updates" time="0.000347416">
        </testcase>
        <testcase classname="src/__tests__/input/event-throttler.test.ts" name="EventThrottler &gt; RAF-Based Throttling &gt; should throttle events using requestAnimationFrame" time="0.020557">
        </testcase>
        <testcase classname="src/__tests__/input/event-throttler.test.ts" name="EventThrottler &gt; RAF-Based Throttling &gt; should fall back to timer when RAF unavailable" time="0.020865166">
        </testcase>
        <testcase classname="src/__tests__/input/event-throttler.test.ts" name="EventThrottler &gt; RAF-Based Throttling &gt; should respect maximum batch size" time="0.022402708">
        </testcase>
        <testcase classname="src/__tests__/input/event-throttler.test.ts" name="EventThrottler &gt; Event Batching &gt; should batch similar events together" time="0.020501958">
        </testcase>
        <testcase classname="src/__tests__/input/event-throttler.test.ts" name="EventThrottler &gt; Event Batching &gt; should handle different event types separately" time="0.021608375">
        </testcase>
        <testcase classname="src/__tests__/input/event-throttler.test.ts" name="EventThrottler &gt; Event Batching &gt; should force dispatch when max hold time exceeded" time="0.063275875">
        </testcase>
        <testcase classname="src/__tests__/input/event-throttler.test.ts" name="EventThrottler &gt; Pointer Event Optimization &gt; should handle coalesced pointer events" time="0.020530875">
        </testcase>
        <testcase classname="src/__tests__/input/event-throttler.test.ts" name="EventThrottler &gt; Pointer Event Optimization &gt; should fall back when coalesced events unavailable" time="0.033817709">
        </testcase>
        <testcase classname="src/__tests__/input/event-throttler.test.ts" name="EventThrottler &gt; Performance Monitoring &gt; should track performance metrics when enabled" time="0.024278709">
        </testcase>
        <testcase classname="src/__tests__/input/event-throttler.test.ts" name="EventThrottler &gt; Performance Monitoring &gt; should calculate average batch size correctly" time="0.04854575">
        </testcase>
        <testcase classname="src/__tests__/input/event-throttler.test.ts" name="EventThrottler &gt; Performance Monitoring &gt; should reset metrics correctly" time="0.0217945">
        </testcase>
        <testcase classname="src/__tests__/input/event-throttler.test.ts" name="EventThrottler &gt; Performance Benchmarks &gt; should throttle events within performance budget" time="0.057053333">
        </testcase>
        <testcase classname="src/__tests__/input/event-throttler.test.ts" name="EventThrottler &gt; Performance Benchmarks &gt; should maintain 60fps performance under load" time="0.211263958">
        </testcase>
        <testcase classname="src/__tests__/input/event-throttler.test.ts" name="EventThrottler &gt; Memory Management &gt; should clean up event queues on destroy" time="0.006310791">
        </testcase>
        <testcase classname="src/__tests__/input/event-throttler.test.ts" name="EventThrottler &gt; Memory Management &gt; should handle multiple destroy calls gracefully" time="0.0014415">
        </testcase>
        <testcase classname="src/__tests__/input/event-throttler.test.ts" name="EventThrottler &gt; Memory Management &gt; should clear all handlers and queues" time="0.00159875">
        </testcase>
        <testcase classname="src/__tests__/input/event-throttler.test.ts" name="EventThrottler &gt; Edge Cases &gt; should handle rapid successive identical events" time="0.022869417">
        </testcase>
        <testcase classname="src/__tests__/input/event-throttler.test.ts" name="EventThrottler &gt; Edge Cases &gt; should handle null/undefined events gracefully" time="0.001883917">
        </testcase>
        <testcase classname="src/__tests__/input/event-throttler.test.ts" name="EventThrottler &gt; Edge Cases &gt; should handle events with missing properties" time="0.02597975">
        </testcase>
        <testcase classname="src/__tests__/input/event-throttler.test.ts" name="EventThrottler &gt; Edge Cases &gt; should handle extremely high frequency events" time="0.153495292">
        </testcase>
        <testcase classname="src/__tests__/input/event-throttler.test.ts" name="EventThrottler &gt; Cross-Browser Compatibility &gt; should work without requestAnimationFrame support" time="0.030723958">
        </testcase>
        <testcase classname="src/__tests__/input/event-throttler.test.ts" name="EventThrottler &gt; Cross-Browser Compatibility &gt; should handle timer-based throttling correctly" time="0.034248041">
        </testcase>
    </testsuite>
    <testsuite name="src/__tests__/input/gesture-recognizer.test.ts" timestamp="2025-07-01T20:29:51.214Z" hostname="MacBookPro.lan" tests="28" failures="0" errors="0" skipped="0" time="1.05692175">
        <testcase classname="src/__tests__/input/gesture-recognizer.test.ts" name="GestureRecognizer &gt; Initialization &gt; should initialize with default configuration" time="0.002677">
        </testcase>
        <testcase classname="src/__tests__/input/gesture-recognizer.test.ts" name="GestureRecognizer &gt; Initialization &gt; should initialize with custom configuration" time="0.000437166">
        </testcase>
        <testcase classname="src/__tests__/input/gesture-recognizer.test.ts" name="GestureRecognizer &gt; Initialization &gt; should handle partial configuration updates" time="0.000140833">
        </testcase>
        <testcase classname="src/__tests__/input/gesture-recognizer.test.ts" name="GestureRecognizer &gt; Tap Gesture Recognition &gt; should recognize single tap gesture" time="0.116369042">
        </testcase>
        <testcase classname="src/__tests__/input/gesture-recognizer.test.ts" name="GestureRecognizer &gt; Tap Gesture Recognition &gt; should recognize double tap gesture" time="0.173200292">
        </testcase>
        <testcase classname="src/__tests__/input/gesture-recognizer.test.ts" name="GestureRecognizer &gt; Tap Gesture Recognition &gt; should handle long press gesture" time="0.159124792">
        </testcase>
        <testcase classname="src/__tests__/input/gesture-recognizer.test.ts" name="GestureRecognizer &gt; Swipe Gesture Recognition &gt; should recognize left swipe gesture" time="0.025472583">
        </testcase>
        <testcase classname="src/__tests__/input/gesture-recognizer.test.ts" name="GestureRecognizer &gt; Swipe Gesture Recognition &gt; should recognize right swipe gesture" time="0.025097667">
        </testcase>
        <testcase classname="src/__tests__/input/gesture-recognizer.test.ts" name="GestureRecognizer &gt; Swipe Gesture Recognition &gt; should recognize vertical swipe gestures" time="0.014400583">
        </testcase>
        <testcase classname="src/__tests__/input/gesture-recognizer.test.ts" name="GestureRecognizer &gt; Pan Gesture Recognition &gt; should recognize pan gesture for slow movements" time="0.218153">
        </testcase>
        <testcase classname="src/__tests__/input/gesture-recognizer.test.ts" name="GestureRecognizer &gt; Multi-Touch Gesture Recognition &gt; should recognize pinch gesture" time="0.012425709">
        </testcase>
        <testcase classname="src/__tests__/input/gesture-recognizer.test.ts" name="GestureRecognizer &gt; Multi-Touch Gesture Recognition &gt; should handle maximum pointer limit" time="0.000705041">
        </testcase>
        <testcase classname="src/__tests__/input/gesture-recognizer.test.ts" name="GestureRecognizer &gt; Pointer Capture Management &gt; should set pointer capture on pointer down" time="0.000365208">
        </testcase>
        <testcase classname="src/__tests__/input/gesture-recognizer.test.ts" name="GestureRecognizer &gt; Pointer Capture Management &gt; should release pointer capture on pointer up" time="0.000375125">
        </testcase>
        <testcase classname="src/__tests__/input/gesture-recognizer.test.ts" name="GestureRecognizer &gt; Pointer Capture Management &gt; should handle pointer capture errors gracefully" time="0.000767">
        </testcase>
        <testcase classname="src/__tests__/input/gesture-recognizer.test.ts" name="GestureRecognizer &gt; Performance Benchmarks &gt; should process gestures within performance budget" time="0.003735875">
        </testcase>
        <testcase classname="src/__tests__/input/gesture-recognizer.test.ts" name="GestureRecognizer &gt; Performance Benchmarks &gt; should handle high-frequency events efficiently" time="0.105241583">
        </testcase>
        <testcase classname="src/__tests__/input/gesture-recognizer.test.ts" name="GestureRecognizer &gt; Memory Management &gt; should clean up active pointers on destroy" time="0.059378">
        </testcase>
        <testcase classname="src/__tests__/input/gesture-recognizer.test.ts" name="GestureRecognizer &gt; Memory Management &gt; should remove event listeners on destroy" time="0.012638292">
        </testcase>
        <testcase classname="src/__tests__/input/gesture-recognizer.test.ts" name="GestureRecognizer &gt; Memory Management &gt; should handle multiple destroy calls gracefully" time="0.007409292">
        </testcase>
        <testcase classname="src/__tests__/input/gesture-recognizer.test.ts" name="GestureRecognizer &gt; Edge Cases &gt; should handle cancelled pointers" time="0.008687208">
        </testcase>
        <testcase classname="src/__tests__/input/gesture-recognizer.test.ts" name="GestureRecognizer &gt; Edge Cases &gt; should handle unknown pointer IDs" time="0.010042834">
        </testcase>
        <testcase classname="src/__tests__/input/gesture-recognizer.test.ts" name="GestureRecognizer &gt; Edge Cases &gt; should handle malformed events gracefully" time="0.029723667">
        </testcase>
        <testcase classname="src/__tests__/input/gesture-recognizer.test.ts" name="GestureRecognizer &gt; Edge Cases &gt; should handle events with missing properties" time="0.013593">
        </testcase>
        <testcase classname="src/__tests__/input/gesture-recognizer.test.ts" name="GestureRecognizer &gt; Cross-Platform Compatibility &gt; should work with mouse events" time="0.0333085">
        </testcase>
        <testcase classname="src/__tests__/input/gesture-recognizer.test.ts" name="GestureRecognizer &gt; Cross-Platform Compatibility &gt; should work with touch events" time="0.005599334">
        </testcase>
        <testcase classname="src/__tests__/input/gesture-recognizer.test.ts" name="GestureRecognizer &gt; Cross-Platform Compatibility &gt; should work with pen events" time="0.0085355">
        </testcase>
        <testcase classname="src/__tests__/input/gesture-recognizer.test.ts" name="GestureRecognizer &gt; should handle pointer events" time="0.00673425">
        </testcase>
    </testsuite>
    <testsuite name="src/__tests__/input/keyboard-navigator.test.ts" timestamp="2025-07-01T20:29:51.216Z" hostname="MacBookPro.lan" tests="34" failures="0" errors="0" skipped="0" time="0.051538833">
        <testcase classname="src/__tests__/input/keyboard-navigator.test.ts" name="KeyboardNavigator &gt; Initialization &gt; should initialize with callbacks in constructor" time="0.00816625">
        </testcase>
        <testcase classname="src/__tests__/input/keyboard-navigator.test.ts" name="KeyboardNavigator &gt; Initialization &gt; should set up proper ARIA attributes" time="0.000920875">
        </testcase>
        <testcase classname="src/__tests__/input/keyboard-navigator.test.ts" name="KeyboardNavigator &gt; Initialization &gt; should create screen reader announcer element" time="0.000836959">
        </testcase>
        <testcase classname="src/__tests__/input/keyboard-navigator.test.ts" name="KeyboardNavigator &gt; Initialization &gt; should respect motion preferences" time="0.000571875">
        </testcase>
        <testcase classname="src/__tests__/input/keyboard-navigator.test.ts" name="KeyboardNavigator &gt; Arrow Key Navigation &gt; should handle right arrow key" time="0.000657875">
        </testcase>
        <testcase classname="src/__tests__/input/keyboard-navigator.test.ts" name="KeyboardNavigator &gt; Arrow Key Navigation &gt; should handle left arrow key" time="0.0004905">
        </testcase>
        <testcase classname="src/__tests__/input/keyboard-navigator.test.ts" name="KeyboardNavigator &gt; Arrow Key Navigation &gt; should respect disabled arrow keys" time="0.002581125">
        </testcase>
        <testcase classname="src/__tests__/input/keyboard-navigator.test.ts" name="KeyboardNavigator &gt; WASD Navigation &gt; should handle WASD keys" time="0.001662375">
        </testcase>
        <testcase classname="src/__tests__/input/keyboard-navigator.test.ts" name="KeyboardNavigator &gt; WASD Navigation &gt; should respect disabled WASD keys" time="0.001422375">
        </testcase>
        <testcase classname="src/__tests__/input/keyboard-navigator.test.ts" name="KeyboardNavigator &gt; Home/End Navigation &gt; should handle Home and End keys" time="0.002062667">
        </testcase>
        <testcase classname="src/__tests__/input/keyboard-navigator.test.ts" name="KeyboardNavigator &gt; Home/End Navigation &gt; should respect disabled Home/End keys" time="0.001202875">
        </testcase>
        <testcase classname="src/__tests__/input/keyboard-navigator.test.ts" name="KeyboardNavigator &gt; Page Up/Down Navigation &gt; should handle Page Up and Page Down keys" time="0.001204542">
        </testcase>
        <testcase classname="src/__tests__/input/keyboard-navigator.test.ts" name="KeyboardNavigator &gt; Activation Keys &gt; should handle Space key activation" time="0.001586917">
        </testcase>
        <testcase classname="src/__tests__/input/keyboard-navigator.test.ts" name="KeyboardNavigator &gt; Activation Keys &gt; should handle Enter key activation" time="0.002290625">
        </testcase>
        <testcase classname="src/__tests__/input/keyboard-navigator.test.ts" name="KeyboardNavigator &gt; Activation Keys &gt; should handle Escape key" time="0.000866833">
        </testcase>
        <testcase classname="src/__tests__/input/keyboard-navigator.test.ts" name="KeyboardNavigator &gt; Custom Key Bindings &gt; should handle custom key bindings" time="0.00072025">
        </testcase>
        <testcase classname="src/__tests__/input/keyboard-navigator.test.ts" name="KeyboardNavigator &gt; Screen Reader Announcements &gt; should create announcer when enabled" time="0.002747958">
        </testcase>
        <testcase classname="src/__tests__/input/keyboard-navigator.test.ts" name="KeyboardNavigator &gt; Screen Reader Announcements &gt; should not create live region when announcements disabled" time="0.001202791">
        </testcase>
        <testcase classname="src/__tests__/input/keyboard-navigator.test.ts" name="KeyboardNavigator &gt; Focus Management &gt; should handle focus events" time="0.000749666">
        </testcase>
        <testcase classname="src/__tests__/input/keyboard-navigator.test.ts" name="KeyboardNavigator &gt; Focus Management &gt; should handle blur events" time="0.000803583">
        </testcase>
        <testcase classname="src/__tests__/input/keyboard-navigator.test.ts" name="KeyboardNavigator &gt; Configuration Management &gt; should allow runtime configuration updates" time="0.000553125">
        </testcase>
        <testcase classname="src/__tests__/input/keyboard-navigator.test.ts" name="KeyboardNavigator &gt; Configuration Management &gt; should add custom key bindings" time="0.000706">
        </testcase>
        <testcase classname="src/__tests__/input/keyboard-navigator.test.ts" name="KeyboardNavigator &gt; Configuration Management &gt; should remove key bindings" time="0.0005645">
        </testcase>
        <testcase classname="src/__tests__/input/keyboard-navigator.test.ts" name="KeyboardNavigator &gt; Slide State Management &gt; should set total slides" time="0.000523459">
        </testcase>
        <testcase classname="src/__tests__/input/keyboard-navigator.test.ts" name="KeyboardNavigator &gt; Slide State Management &gt; should set current slide" time="0.0005435">
        </testcase>
        <testcase classname="src/__tests__/input/keyboard-navigator.test.ts" name="KeyboardNavigator &gt; Slide State Management &gt; should set playing state" time="0.000638042">
        </testcase>
        <testcase classname="src/__tests__/input/keyboard-navigator.test.ts" name="KeyboardNavigator &gt; Utility Methods &gt; should focus element" time="0.000578375">
        </testcase>
        <testcase classname="src/__tests__/input/keyboard-navigator.test.ts" name="KeyboardNavigator &gt; Utility Methods &gt; should get focus state" time="0.000598459">
        </testcase>
        <testcase classname="src/__tests__/input/keyboard-navigator.test.ts" name="KeyboardNavigator &gt; Memory Management &gt; should clean up event listeners on destroy" time="0.001982959">
        </testcase>
        <testcase classname="src/__tests__/input/keyboard-navigator.test.ts" name="KeyboardNavigator &gt; Memory Management &gt; should remove announcer element on destroy" time="0.001017208">
        </testcase>
        <testcase classname="src/__tests__/input/keyboard-navigator.test.ts" name="KeyboardNavigator &gt; Edge Cases &gt; should handle missing callbacks gracefully" time="0.001262792">
        </testcase>
        <testcase classname="src/__tests__/input/keyboard-navigator.test.ts" name="KeyboardNavigator &gt; Edge Cases &gt; should ignore modifier key combinations" time="0.000850167">
        </testcase>
        <testcase classname="src/__tests__/input/keyboard-navigator.test.ts" name="KeyboardNavigator &gt; Accessibility Compliance &gt; should provide proper ARIA labels" time="0.0010995">
        </testcase>
        <testcase classname="src/__tests__/input/keyboard-navigator.test.ts" name="KeyboardNavigator &gt; Accessibility Compliance &gt; should create keyboard instructions" time="0.001277958">
        </testcase>
    </testsuite>
    <testsuite name="src/__tests__/physics/engine.test.ts" timestamp="2025-07-01T20:29:51.221Z" hostname="MacBookPro.lan" tests="24" failures="0" errors="0" skipped="0" time="0.01068475">
        <testcase classname="src/__tests__/physics/engine.test.ts" name="SliderPhysicsEngine &gt; Configuration Management &gt; should have default configuration" time="0.001038792">
        </testcase>
        <testcase classname="src/__tests__/physics/engine.test.ts" name="SliderPhysicsEngine &gt; Configuration Management &gt; should update configuration partially" time="0.003518125">
        </testcase>
        <testcase classname="src/__tests__/physics/engine.test.ts" name="SliderPhysicsEngine &gt; Configuration Management &gt; should update multiple configuration properties" time="0.000234416">
        </testcase>
        <testcase classname="src/__tests__/physics/engine.test.ts" name="SliderPhysicsEngine &gt; Transition Calculations &gt; should calculate basic transition sequence" time="0.000945125">
        </testcase>
        <testcase classname="src/__tests__/physics/engine.test.ts" name="SliderPhysicsEngine &gt; Transition Calculations &gt; should include source sprite exit when different from target" time="0.000231167">
        </testcase>
        <testcase classname="src/__tests__/physics/engine.test.ts" name="SliderPhysicsEngine &gt; Transition Calculations &gt; should not include source sprite when same as target" time="0.000188708">
        </testcase>
        <testcase classname="src/__tests__/physics/engine.test.ts" name="SliderPhysicsEngine &gt; Transition Calculations &gt; should handle invalid indices gracefully" time="0.000152333">
        </testcase>
        <testcase classname="src/__tests__/physics/engine.test.ts" name="SliderPhysicsEngine &gt; Transition Calculations &gt; should use configuration values in calculations" time="0.00028175">
        </testcase>
        <testcase classname="src/__tests__/physics/engine.test.ts" name="SliderPhysicsEngine &gt; Swipe Calculations &gt; should calculate swipe animation with positive direction" time="0.000423375">
        </testcase>
        <testcase classname="src/__tests__/physics/engine.test.ts" name="SliderPhysicsEngine &gt; Swipe Calculations &gt; should calculate swipe animation with negative direction" time="0.000184833">
        </testcase>
        <testcase classname="src/__tests__/physics/engine.test.ts" name="SliderPhysicsEngine &gt; Swipe Calculations &gt; should clamp intensity to valid range" time="0.000231709">
        </testcase>
        <testcase classname="src/__tests__/physics/engine.test.ts" name="SliderPhysicsEngine &gt; Swipe Calculations &gt; should use configuration values" time="0.000160542">
        </testcase>
        <testcase classname="src/__tests__/physics/engine.test.ts" name="SliderPhysicsEngine &gt; Scale Calculations &gt; should calculate basic scale animation" time="0.000106792">
        </testcase>
        <testcase classname="src/__tests__/physics/engine.test.ts" name="SliderPhysicsEngine &gt; Scale Calculations &gt; should use custom duration" time="0.000078875">
        </testcase>
        <testcase classname="src/__tests__/physics/engine.test.ts" name="SliderPhysicsEngine &gt; Scale Calculations &gt; should prevent zero or negative scale" time="0.000057042">
        </testcase>
        <testcase classname="src/__tests__/physics/engine.test.ts" name="SliderPhysicsEngine &gt; Scale Calculations &gt; should enforce minimum duration" time="0.000054417">
        </testcase>
        <testcase classname="src/__tests__/physics/engine.test.ts" name="SliderPhysicsEngine &gt; Advanced Calculations &gt; should determine slide change threshold" time="0.000100417">
        </testcase>
        <testcase classname="src/__tests__/physics/engine.test.ts" name="SliderPhysicsEngine &gt; Advanced Calculations &gt; should calculate adaptive timing" time="0.000175458">
        </testcase>
        <testcase classname="src/__tests__/physics/engine.test.ts" name="SliderPhysicsEngine &gt; Advanced Calculations &gt; should calculate momentum decay" time="0.000069166">
        </testcase>
        <testcase classname="src/__tests__/physics/engine.test.ts" name="SliderPhysicsEngine &gt; Advanced Calculations &gt; should calculate spring force" time="0.000060167">
        </testcase>
        <testcase classname="src/__tests__/physics/engine.test.ts" name="SliderPhysicsEngine &gt; Edge Cases &gt; should handle empty sprite array transition" time="0.000161792">
        </testcase>
        <testcase classname="src/__tests__/physics/engine.test.ts" name="SliderPhysicsEngine &gt; Edge Cases &gt; should handle single sprite transition" time="0.000145417">
        </testcase>
        <testcase classname="src/__tests__/physics/engine.test.ts" name="SliderPhysicsEngine &gt; Edge Cases &gt; should handle zero intensity swipe" time="0.000139458">
        </testcase>
        <testcase classname="src/__tests__/physics/engine.test.ts" name="SliderPhysicsEngine &gt; Edge Cases &gt; should handle maximum intensity swipe" time="0.000123125">
        </testcase>
    </testsuite>
    <testsuite name="src/__tests__/physics/facade-unit.test.ts" timestamp="2025-07-01T20:29:51.223Z" hostname="MacBookPro.lan" tests="21" failures="0" errors="0" skipped="0" time="0.109665625">
        <testcase classname="src/__tests__/physics/facade-unit.test.ts" name="SliderPhysics Facade Unit Tests &gt; Facade API and Delegation &gt; should delegate getPhysicsConfig to engine" time="0.005433917">
        </testcase>
        <testcase classname="src/__tests__/physics/facade-unit.test.ts" name="SliderPhysics Facade Unit Tests &gt; Facade API and Delegation &gt; should delegate setPhysicsConfig to engine" time="0.001860625">
        </testcase>
        <testcase classname="src/__tests__/physics/facade-unit.test.ts" name="SliderPhysics Facade Unit Tests &gt; Facade API and Delegation &gt; should delegate performance stats to renderer" time="0.0008165">
        </testcase>
        <testcase classname="src/__tests__/physics/facade-unit.test.ts" name="SliderPhysics Facade Unit Tests &gt; Facade API and Delegation &gt; should delegate cleanup to renderer" time="0.000439416">
        </testcase>
        <testcase classname="src/__tests__/physics/facade-unit.test.ts" name="SliderPhysics Facade Unit Tests &gt; Facade API and Delegation &gt; should delegate killAllAnimations to renderer" time="0.000400959">
        </testcase>
        <testcase classname="src/__tests__/physics/facade-unit.test.ts" name="SliderPhysics Facade Unit Tests &gt; Animation Coordination Logic &gt; should coordinate transition animation between engine and renderer" time="0.016581958">
        </testcase>
        <testcase classname="src/__tests__/physics/facade-unit.test.ts" name="SliderPhysics Facade Unit Tests &gt; Animation Coordination Logic &gt; should coordinate swipe animation between engine and renderer" time="0.001876667">
        </testcase>
        <testcase classname="src/__tests__/physics/facade-unit.test.ts" name="SliderPhysics Facade Unit Tests &gt; Animation Coordination Logic &gt; should coordinate scale animation between engine and renderer" time="0.000604">
        </testcase>
        <testcase classname="src/__tests__/physics/facade-unit.test.ts" name="SliderPhysics Facade Unit Tests &gt; Sprite Management Logic &gt; should manage sprite array and delegate to renderer" time="0.000762542">
        </testcase>
        <testcase classname="src/__tests__/physics/facade-unit.test.ts" name="SliderPhysics Facade Unit Tests &gt; Sprite Management Logic &gt; should handle sprite addition for swipe animations" time="0.000414208">
        </testcase>
        <testcase classname="src/__tests__/physics/facade-unit.test.ts" name="SliderPhysics Facade Unit Tests &gt; Sprite Management Logic &gt; should coordinate batch animations with renderer" time="0.000577209">
        </testcase>
        <testcase classname="src/__tests__/physics/facade-unit.test.ts" name="SliderPhysics Facade Unit Tests &gt; Advanced Delegation Methods &gt; should delegate shouldTriggerSlideChange to kinetic physics" time="0.018454542">
        </testcase>
        <testcase classname="src/__tests__/physics/facade-unit.test.ts" name="SliderPhysics Facade Unit Tests &gt; Advanced Delegation Methods &gt; should delegate calculateAdaptiveTiming to engine" time="0.036792375">
        </testcase>
        <testcase classname="src/__tests__/physics/facade-unit.test.ts" name="SliderPhysics Facade Unit Tests &gt; Advanced Delegation Methods &gt; should handle momentum calculations through kinetic physics" time="0.000730541">
        </testcase>
        <testcase classname="src/__tests__/physics/facade-unit.test.ts" name="SliderPhysics Facade Unit Tests &gt; Advanced Delegation Methods &gt; should handle spring calculations through spring physics" time="0.000381875">
        </testcase>
        <testcase classname="src/__tests__/physics/facade-unit.test.ts" name="SliderPhysics Facade Unit Tests &gt; Facade State Management &gt; should initialize with proper dependencies" time="0.000322167">
        </testcase>
        <testcase classname="src/__tests__/physics/facade-unit.test.ts" name="SliderPhysics Facade Unit Tests &gt; Facade State Management &gt; should handle configuration correctly during injection" time="0.00037275">
        </testcase>
        <testcase classname="src/__tests__/physics/facade-unit.test.ts" name="SliderPhysics Facade Unit Tests &gt; Facade State Management &gt; should handle sprite management correctly" time="0.000396125">
        </testcase>
        <testcase classname="src/__tests__/physics/facade-unit.test.ts" name="SliderPhysics Facade Unit Tests &gt; Error Handling and Edge Cases &gt; should handle edge cases in transition animation" time="0.000368083">
        </testcase>
        <testcase classname="src/__tests__/physics/facade-unit.test.ts" name="SliderPhysics Facade Unit Tests &gt; Error Handling and Edge Cases &gt; should handle edge cases in swipe animation" time="0.00036325">
        </testcase>
        <testcase classname="src/__tests__/physics/facade-unit.test.ts" name="SliderPhysics Facade Unit Tests &gt; Error Handling and Edge Cases &gt; should handle multiple cleanup calls gracefully" time="0.014101708">
        </testcase>
    </testsuite>
    <testsuite name="src/__tests__/physics/gsap-timeline-factory.test.ts" timestamp="2025-07-01T20:29:51.225Z" hostname="MacBookPro.lan" tests="44" failures="0" errors="0" skipped="0" time="0.026155958">
        <testcase classname="src/__tests__/physics/gsap-timeline-factory.test.ts" name="GSAPTimelineFactory &gt; Static Timeline Creation Methods &gt; createSlideTransition &gt; should create slide transition timeline with proper configuration" time="0.00436375">
        </testcase>
        <testcase classname="src/__tests__/physics/gsap-timeline-factory.test.ts" name="GSAPTimelineFactory &gt; Static Timeline Creation Methods &gt; createSlideTransition &gt; should handle different scale intensities" time="0.000793375">
        </testcase>
        <testcase classname="src/__tests__/physics/gsap-timeline-factory.test.ts" name="GSAPTimelineFactory &gt; Static Timeline Creation Methods &gt; createSlideTransition &gt; should handle same sprite transition gracefully" time="0.000650917">
        </testcase>
        <testcase classname="src/__tests__/physics/gsap-timeline-factory.test.ts" name="GSAPTimelineFactory &gt; Static Timeline Creation Methods &gt; createSlideTransition &gt; should handle missing callbacks gracefully" time="0.000243167">
        </testcase>
        <testcase classname="src/__tests__/physics/gsap-timeline-factory.test.ts" name="GSAPTimelineFactory &gt; Static Timeline Creation Methods &gt; createMomentumAnimation &gt; should create momentum animation with physics calculations" time="0.000496">
        </testcase>
        <testcase classname="src/__tests__/physics/gsap-timeline-factory.test.ts" name="GSAPTimelineFactory &gt; Static Timeline Creation Methods &gt; createMomentumAnimation &gt; should calculate momentum distance correctly" time="0.000341084">
        </testcase>
        <testcase classname="src/__tests__/physics/gsap-timeline-factory.test.ts" name="GSAPTimelineFactory &gt; Static Timeline Creation Methods &gt; createMomentumAnimation &gt; should handle zero velocity" time="0.000130917">
        </testcase>
        <testcase classname="src/__tests__/physics/gsap-timeline-factory.test.ts" name="GSAPTimelineFactory &gt; Static Timeline Creation Methods &gt; createMomentumAnimation &gt; should handle extreme damping values" time="0.00010425">
        </testcase>
        <testcase classname="src/__tests__/physics/gsap-timeline-factory.test.ts" name="GSAPTimelineFactory &gt; Static Timeline Creation Methods &gt; createSnapAnimation &gt; should create snap animation to target position" time="0.0004515">
        </testcase>
        <testcase classname="src/__tests__/physics/gsap-timeline-factory.test.ts" name="GSAPTimelineFactory &gt; Static Timeline Creation Methods &gt; createSnapAnimation &gt; should handle negative target positions" time="0.000137416">
        </testcase>
        <testcase classname="src/__tests__/physics/gsap-timeline-factory.test.ts" name="GSAPTimelineFactory &gt; Static Timeline Creation Methods &gt; createSnapAnimation &gt; should handle zero target position" time="0.000092916">
        </testcase>
        <testcase classname="src/__tests__/physics/gsap-timeline-factory.test.ts" name="GSAPTimelineFactory &gt; Static Timeline Creation Methods &gt; createScaleAnimation &gt; should create scale animation with proper calculations" time="0.000564416">
        </testcase>
        <testcase classname="src/__tests__/physics/gsap-timeline-factory.test.ts" name="GSAPTimelineFactory &gt; Static Timeline Creation Methods &gt; createScaleAnimation &gt; should handle scale calculations with different base scales" time="0.000162125">
        </testcase>
        <testcase classname="src/__tests__/physics/gsap-timeline-factory.test.ts" name="GSAPTimelineFactory &gt; Static Timeline Creation Methods &gt; createScaleAnimation &gt; should handle zero target scale" time="0.000095667">
        </testcase>
        <testcase classname="src/__tests__/physics/gsap-timeline-factory.test.ts" name="GSAPTimelineFactory &gt; Static Timeline Creation Methods &gt; createDragEffect &gt; should create drag effect with scale calculations" time="0.000212666">
        </testcase>
        <testcase classname="src/__tests__/physics/gsap-timeline-factory.test.ts" name="GSAPTimelineFactory &gt; Static Timeline Creation Methods &gt; createDragEffect &gt; should use default scale intensity when not provided" time="0.000090292">
        </testcase>
        <testcase classname="src/__tests__/physics/gsap-timeline-factory.test.ts" name="GSAPTimelineFactory &gt; Static Timeline Creation Methods &gt; createDragEffect &gt; should handle zero drag distance" time="0.000249041">
        </testcase>
        <testcase classname="src/__tests__/physics/gsap-timeline-factory.test.ts" name="GSAPTimelineFactory &gt; Static Timeline Creation Methods &gt; createDragEffect &gt; should handle negative drag distance" time="0.000099542">
        </testcase>
        <testcase classname="src/__tests__/physics/gsap-timeline-factory.test.ts" name="GSAPTimelineFactory &gt; Static Timeline Creation Methods &gt; createScaleReset &gt; should create scale reset with default target" time="0.000197083">
        </testcase>
        <testcase classname="src/__tests__/physics/gsap-timeline-factory.test.ts" name="GSAPTimelineFactory &gt; Static Timeline Creation Methods &gt; createScaleReset &gt; should create scale reset with custom target" time="0.003718041">
        </testcase>
        <testcase classname="src/__tests__/physics/gsap-timeline-factory.test.ts" name="GSAPTimelineFactory &gt; Static Timeline Creation Methods &gt; createScaleReset &gt; should handle sprites without baseScale" time="0.000414">
        </testcase>
        <testcase classname="src/__tests__/physics/gsap-timeline-factory.test.ts" name="GSAPTimelineFactory &gt; Static Timeline Creation Methods &gt; createAnimationGroup &gt; should create coordinated animation group" time="0.001204083">
        </testcase>
        <testcase classname="src/__tests__/physics/gsap-timeline-factory.test.ts" name="GSAPTimelineFactory &gt; Static Timeline Creation Methods &gt; createAnimationGroup &gt; should handle empty animation array" time="0.00018325">
        </testcase>
        <testcase classname="src/__tests__/physics/gsap-timeline-factory.test.ts" name="GSAPTimelineFactory &gt; Static Timeline Creation Methods &gt; createAnimationGroup &gt; should use default options when not provided" time="0.000167292">
        </testcase>
        <testcase classname="src/__tests__/physics/gsap-timeline-factory.test.ts" name="GSAPTimelineFactory &gt; Static Timeline Creation Methods &gt; createStaggeredAnimation &gt; should create staggered animation with proper timing" time="0.000334">
        </testcase>
        <testcase classname="src/__tests__/physics/gsap-timeline-factory.test.ts" name="GSAPTimelineFactory &gt; Static Timeline Creation Methods &gt; createStaggeredAnimation &gt; should use default stagger delay when not provided" time="0.000148958">
        </testcase>
        <testcase classname="src/__tests__/physics/gsap-timeline-factory.test.ts" name="GSAPTimelineFactory &gt; Static Timeline Creation Methods &gt; createStaggeredAnimation &gt; should handle empty sprite array" time="0.000105458">
        </testcase>
        <testcase classname="src/__tests__/physics/gsap-timeline-factory.test.ts" name="GSAPTimelineFactory &gt; Static Timeline Creation Methods &gt; createFadeTransition &gt; should create fade transition with default duration" time="0.000167792">
        </testcase>
        <testcase classname="src/__tests__/physics/gsap-timeline-factory.test.ts" name="GSAPTimelineFactory &gt; Static Timeline Creation Methods &gt; createFadeTransition &gt; should create fade transition with custom duration" time="0.000167333">
        </testcase>
        <testcase classname="src/__tests__/physics/gsap-timeline-factory.test.ts" name="GSAPTimelineFactory &gt; Static Timeline Creation Methods &gt; createFadeTransition &gt; should handle same sprite fade transition" time="0.000107167">
        </testcase>
        <testcase classname="src/__tests__/physics/gsap-timeline-factory.test.ts" name="GSAPTimelineFactory &gt; Static Timeline Creation Methods &gt; createManagedTimeline &gt; should create managed timeline with cleanup" time="0.000358708">
        </testcase>
        <testcase classname="src/__tests__/physics/gsap-timeline-factory.test.ts" name="GSAPTimelineFactory &gt; Static Timeline Creation Methods &gt; createManagedTimeline &gt; should handle missing onComplete callback" time="0.000137584">
        </testcase>
        <testcase classname="src/__tests__/physics/gsap-timeline-factory.test.ts" name="GSAPTimelineFactory &gt; Static Timeline Creation Methods &gt; createManagedTimeline &gt; should handle empty child timeline array" time="0.000092459">
        </testcase>
        <testcase classname="src/__tests__/physics/gsap-timeline-factory.test.ts" name="GSAPTimelineFactory &gt; Static Timeline Creation Methods &gt; createManagedTimeline &gt; should handle null child timelines gracefully" time="0.000131292">
        </testcase>
        <testcase classname="src/__tests__/physics/gsap-timeline-factory.test.ts" name="GSAPTimelineFactory &gt; Performance and Resource Management &gt; should efficiently create multiple timelines" time="0.000565875">
        </testcase>
        <testcase classname="src/__tests__/physics/gsap-timeline-factory.test.ts" name="GSAPTimelineFactory &gt; Performance and Resource Management &gt; should handle rapid timeline creation without memory issues" time="0.0015405">
        </testcase>
        <testcase classname="src/__tests__/physics/gsap-timeline-factory.test.ts" name="GSAPTimelineFactory &gt; Performance and Resource Management &gt; should properly configure GSAP defaults" time="0.00069925">
        </testcase>
        <testcase classname="src/__tests__/physics/gsap-timeline-factory.test.ts" name="GSAPTimelineFactory &gt; Integration and Configuration &gt; should maintain timeline consistency across methods" time="0.00024125">
        </testcase>
        <testcase classname="src/__tests__/physics/gsap-timeline-factory.test.ts" name="GSAPTimelineFactory &gt; Integration and Configuration &gt; should handle configuration validation gracefully" time="0.000159167">
        </testcase>
        <testcase classname="src/__tests__/physics/gsap-timeline-factory.test.ts" name="GSAPTimelineFactory &gt; Error Handling and Edge Cases &gt; should handle null sprites gracefully" time="0.000192875">
        </testcase>
        <testcase classname="src/__tests__/physics/gsap-timeline-factory.test.ts" name="GSAPTimelineFactory &gt; Error Handling and Edge Cases &gt; should handle undefined sprites gracefully" time="0.0001105">
        </testcase>
        <testcase classname="src/__tests__/physics/gsap-timeline-factory.test.ts" name="GSAPTimelineFactory &gt; Error Handling and Edge Cases &gt; should handle sprites with missing properties" time="0.000697042">
        </testcase>
        <testcase classname="src/__tests__/physics/gsap-timeline-factory.test.ts" name="GSAPTimelineFactory &gt; Error Handling and Edge Cases &gt; should handle GSAP timeline creation failures" time="0.000700334">
        </testcase>
        <testcase classname="src/__tests__/physics/gsap-timeline-factory.test.ts" name="GSAPTimelineFactory &gt; Error Handling and Edge Cases &gt; should handle invalid animation configurations" time="0.000319375">
        </testcase>
    </testsuite>
    <testsuite name="src/__tests__/physics/kinetic-physics.test.ts" timestamp="2025-07-01T20:29:51.286Z" hostname="MacBookPro.lan" tests="39" failures="0" errors="0" skipped="0" time="0.0058205">
        <testcase classname="src/__tests__/physics/kinetic-physics.test.ts" name="KineticPhysics &gt; Initialization and Configuration &gt; should initialize with default configuration" time="0.000941375">
        </testcase>
        <testcase classname="src/__tests__/physics/kinetic-physics.test.ts" name="KineticPhysics &gt; Initialization and Configuration &gt; should accept custom configuration" time="0.000310708">
        </testcase>
        <testcase classname="src/__tests__/physics/kinetic-physics.test.ts" name="KineticPhysics &gt; Initialization and Configuration &gt; should update configuration" time="0.00017875">
        </testcase>
        <testcase classname="src/__tests__/physics/kinetic-physics.test.ts" name="KineticPhysics &gt; Initialization and Configuration &gt; should reset configuration to defaults" time="0.000094875">
        </testcase>
        <testcase classname="src/__tests__/physics/kinetic-physics.test.ts" name="KineticPhysics &gt; Static Velocity Calculations &gt; should calculate velocity from distance and time" time="0.000073708">
        </testcase>
        <testcase classname="src/__tests__/physics/kinetic-physics.test.ts" name="KineticPhysics &gt; Static Velocity Calculations &gt; should calculate velocity with zero time" time="0.000076875">
        </testcase>
        <testcase classname="src/__tests__/physics/kinetic-physics.test.ts" name="KineticPhysics &gt; Static Velocity Calculations &gt; should calculate velocity with negative distance (absolute value)" time="0.00005525">
        </testcase>
        <testcase classname="src/__tests__/physics/kinetic-physics.test.ts" name="KineticPhysics &gt; Static Velocity Calculations &gt; should handle very small time values" time="0.000111083">
        </testcase>
        <testcase classname="src/__tests__/physics/kinetic-physics.test.ts" name="KineticPhysics &gt; Static Friction Calculations &gt; should apply friction to reduce velocity" time="0.000268417">
        </testcase>
        <testcase classname="src/__tests__/physics/kinetic-physics.test.ts" name="KineticPhysics &gt; Static Friction Calculations &gt; should handle zero friction (no change)" time="0.000071209">
        </testcase>
        <testcase classname="src/__tests__/physics/kinetic-physics.test.ts" name="KineticPhysics &gt; Static Friction Calculations &gt; should handle maximum friction (stop)" time="0.00004575">
        </testcase>
        <testcase classname="src/__tests__/physics/kinetic-physics.test.ts" name="KineticPhysics &gt; Static Friction Calculations &gt; should handle negative velocity" time="0.000043292">
        </testcase>
        <testcase classname="src/__tests__/physics/kinetic-physics.test.ts" name="KineticPhysics &gt; Static Snap Position Calculations &gt; should calculate snap to nearest slide position" time="0.000112791">
        </testcase>
        <testcase classname="src/__tests__/physics/kinetic-physics.test.ts" name="KineticPhysics &gt; Static Snap Position Calculations &gt; should snap to exact slide position" time="0.000053417">
        </testcase>
        <testcase classname="src/__tests__/physics/kinetic-physics.test.ts" name="KineticPhysics &gt; Static Snap Position Calculations &gt; should handle negative positions" time="0.000050042">
        </testcase>
        <testcase classname="src/__tests__/physics/kinetic-physics.test.ts" name="KineticPhysics &gt; Static Snap Position Calculations &gt; should calculate duration based on distance" time="0.0000465">
        </testcase>
        <testcase classname="src/__tests__/physics/kinetic-physics.test.ts" name="KineticPhysics &gt; Momentum Calculations &gt; should calculate momentum physics from drag interaction" time="0.0001425">
        </testcase>
        <testcase classname="src/__tests__/physics/kinetic-physics.test.ts" name="KineticPhysics &gt; Momentum Calculations &gt; should clamp velocity to maximum" time="0.000053">
        </testcase>
        <testcase classname="src/__tests__/physics/kinetic-physics.test.ts" name="KineticPhysics &gt; Momentum Calculations &gt; should apply friction over time" time="0.000059834">
        </testcase>
        <testcase classname="src/__tests__/physics/kinetic-physics.test.ts" name="KineticPhysics &gt; Momentum Calculations &gt; should calculate scale factor from drag distance" time="0.000048584">
        </testcase>
        <testcase classname="src/__tests__/physics/kinetic-physics.test.ts" name="KineticPhysics &gt; Drag Scale Calculations &gt; should calculate scale from drag distance" time="0.00005825">
        </testcase>
        <testcase classname="src/__tests__/physics/kinetic-physics.test.ts" name="KineticPhysics &gt; Drag Scale Calculations &gt; should use custom base scale" time="0.00004275">
        </testcase>
        <testcase classname="src/__tests__/physics/kinetic-physics.test.ts" name="KineticPhysics &gt; Drag Scale Calculations &gt; should handle zero drag distance" time="0.000038583">
        </testcase>
        <testcase classname="src/__tests__/physics/kinetic-physics.test.ts" name="KineticPhysics &gt; Drag Scale Calculations &gt; should clamp drag distance to threshold" time="0.000043375">
        </testcase>
        <testcase classname="src/__tests__/physics/kinetic-physics.test.ts" name="KineticPhysics &gt; Slide Change Detection &gt; should trigger on distance threshold" time="0.000069083">
        </testcase>
        <testcase classname="src/__tests__/physics/kinetic-physics.test.ts" name="KineticPhysics &gt; Slide Change Detection &gt; should trigger on velocity threshold" time="0.000051958">
        </testcase>
        <testcase classname="src/__tests__/physics/kinetic-physics.test.ts" name="KineticPhysics &gt; Slide Change Detection &gt; should handle negative distance (absolute value)" time="0.000050709">
        </testcase>
        <testcase classname="src/__tests__/physics/kinetic-physics.test.ts" name="KineticPhysics &gt; Slide Change Detection &gt; should trigger if either threshold is met" time="0.000060167">
        </testcase>
        <testcase classname="src/__tests__/physics/kinetic-physics.test.ts" name="KineticPhysics &gt; Spring Reset Calculations &gt; should calculate spring physics for scale reset" time="0.000092416">
        </testcase>
        <testcase classname="src/__tests__/physics/kinetic-physics.test.ts" name="KineticPhysics &gt; Spring Reset Calculations &gt; should use default target scale" time="0.000057">
        </testcase>
        <testcase classname="src/__tests__/physics/kinetic-physics.test.ts" name="KineticPhysics &gt; Spring Reset Calculations &gt; should calculate duration based on scale difference" time="0.000045791">
        </testcase>
        <testcase classname="src/__tests__/physics/kinetic-physics.test.ts" name="KineticPhysics &gt; Spring Reset Calculations &gt; should cap maximum duration" time="0.000040958">
        </testcase>
        <testcase classname="src/__tests__/physics/kinetic-physics.test.ts" name="KineticPhysics &gt; Edge Cases &gt; should handle zero values gracefully" time="0.000062291">
        </testcase>
        <testcase classname="src/__tests__/physics/kinetic-physics.test.ts" name="KineticPhysics &gt; Edge Cases &gt; should handle very large numbers" time="0.000053875">
        </testcase>
        <testcase classname="src/__tests__/physics/kinetic-physics.test.ts" name="KineticPhysics &gt; Edge Cases &gt; should handle very small numbers" time="0.000039791">
        </testcase>
        <testcase classname="src/__tests__/physics/kinetic-physics.test.ts" name="KineticPhysics &gt; Edge Cases &gt; should prevent division by zero" time="0.000038583">
        </testcase>
        <testcase classname="src/__tests__/physics/kinetic-physics.test.ts" name="KineticPhysics &gt; Performance and Integration &gt; should efficiently calculate many velocity values" time="0.000176042">
        </testcase>
        <testcase classname="src/__tests__/physics/kinetic-physics.test.ts" name="KineticPhysics &gt; Performance and Integration &gt; should handle rapid configuration updates efficiently" time="0.000073334">
        </testcase>
        <testcase classname="src/__tests__/physics/kinetic-physics.test.ts" name="KineticPhysics &gt; Performance and Integration &gt; should maintain configuration immutability" time="0.000042875">
        </testcase>
    </testsuite>
    <testsuite name="src/__tests__/physics/spring-physics-basic.test.ts" timestamp="2025-07-01T20:29:51.289Z" hostname="MacBookPro.lan" tests="20" failures="0" errors="0" skipped="0" time="0.004701958">
        <testcase classname="src/__tests__/physics/spring-physics-basic.test.ts" name="SpringPhysics - Basic Tests &gt; Initialization and Configuration &gt; should initialize with default configuration" time="0.000824042">
        </testcase>
        <testcase classname="src/__tests__/physics/spring-physics-basic.test.ts" name="SpringPhysics - Basic Tests &gt; Initialization and Configuration &gt; should accept custom configuration" time="0.00021925">
        </testcase>
        <testcase classname="src/__tests__/physics/spring-physics-basic.test.ts" name="SpringPhysics - Basic Tests &gt; Initialization and Configuration &gt; should update configuration" time="0.000282209">
        </testcase>
        <testcase classname="src/__tests__/physics/spring-physics-basic.test.ts" name="SpringPhysics - Basic Tests &gt; Initialization and Configuration &gt; should get immutable configuration copy" time="0.000164">
        </testcase>
        <testcase classname="src/__tests__/physics/spring-physics-basic.test.ts" name="SpringPhysics - Basic Tests &gt; Static Spring Force Calculations &gt; should calculate spring force from displacement" time="0.0001695">
        </testcase>
        <testcase classname="src/__tests__/physics/spring-physics-basic.test.ts" name="SpringPhysics - Basic Tests &gt; Static Spring Force Calculations &gt; should calculate spring force with negative displacement" time="0.000082459">
        </testcase>
        <testcase classname="src/__tests__/physics/spring-physics-basic.test.ts" name="SpringPhysics - Basic Tests &gt; Static Spring Force Calculations &gt; should handle zero displacement" time="0.000100292">
        </testcase>
        <testcase classname="src/__tests__/physics/spring-physics-basic.test.ts" name="SpringPhysics - Basic Tests &gt; Static Spring Force Calculations &gt; should handle zero spring constant" time="0.000116458">
        </testcase>
        <testcase classname="src/__tests__/physics/spring-physics-basic.test.ts" name="SpringPhysics - Basic Tests &gt; Static Spring Force Calculations &gt; should use default spring constant when not provided" time="0.000192041">
        </testcase>
        <testcase classname="src/__tests__/physics/spring-physics-basic.test.ts" name="SpringPhysics - Basic Tests &gt; Elastic Motion Calculations &gt; should calculate elastic motion from position difference" time="0.000167916">
        </testcase>
        <testcase classname="src/__tests__/physics/spring-physics-basic.test.ts" name="SpringPhysics - Basic Tests &gt; Elastic Motion Calculations &gt; should handle zero displacement" time="0.000079834">
        </testcase>
        <testcase classname="src/__tests__/physics/spring-physics-basic.test.ts" name="SpringPhysics - Basic Tests &gt; Elastic Motion Calculations &gt; should handle negative displacement" time="0.000052708">
        </testcase>
        <testcase classname="src/__tests__/physics/spring-physics-basic.test.ts" name="SpringPhysics - Basic Tests &gt; Elastic Motion Calculations &gt; should calculate duration based on displacement magnitude" time="0.000046167">
        </testcase>
        <testcase classname="src/__tests__/physics/spring-physics-basic.test.ts" name="SpringPhysics - Basic Tests &gt; Elastic Motion Calculations &gt; should respect spring configuration" time="0.000045167">
        </testcase>
        <testcase classname="src/__tests__/physics/spring-physics-basic.test.ts" name="SpringPhysics - Basic Tests &gt; Edge Cases &gt; should handle very small spring constants" time="0.000053583">
        </testcase>
        <testcase classname="src/__tests__/physics/spring-physics-basic.test.ts" name="SpringPhysics - Basic Tests &gt; Edge Cases &gt; should handle very large displacements" time="0.00005825">
        </testcase>
        <testcase classname="src/__tests__/physics/spring-physics-basic.test.ts" name="SpringPhysics - Basic Tests &gt; Edge Cases &gt; should handle negative positions" time="0.000108333">
        </testcase>
        <testcase classname="src/__tests__/physics/spring-physics-basic.test.ts" name="SpringPhysics - Basic Tests &gt; Performance &gt; should efficiently calculate multiple spring forces" time="0.00013875">
        </testcase>
        <testcase classname="src/__tests__/physics/spring-physics-basic.test.ts" name="SpringPhysics - Basic Tests &gt; Performance &gt; should efficiently calculate multiple elastic motions" time="0.0000815">
        </testcase>
        <testcase classname="src/__tests__/physics/spring-physics-basic.test.ts" name="SpringPhysics - Basic Tests &gt; Performance &gt; should handle rapid configuration updates efficiently" time="0.000073459">
        </testcase>
    </testsuite>
    <testsuite name="src/__tests__/physics/velocity-tracker.test.ts" timestamp="2025-07-01T20:29:51.290Z" hostname="MacBookPro.lan" tests="27" failures="0" errors="0" skipped="0" time="0.028046208">
        <testcase classname="src/__tests__/physics/velocity-tracker.test.ts" name="VelocityTracker &gt; Initialization and Configuration &gt; should initialize with provided configuration" time="0.000966291">
        </testcase>
        <testcase classname="src/__tests__/physics/velocity-tracker.test.ts" name="VelocityTracker &gt; Initialization and Configuration &gt; should initialize with default configuration when none provided" time="0.000208125">
        </testcase>
        <testcase classname="src/__tests__/physics/velocity-tracker.test.ts" name="VelocityTracker &gt; Initialization and Configuration &gt; should handle partial configuration" time="0.000194542">
        </testcase>
        <testcase classname="src/__tests__/physics/velocity-tracker.test.ts" name="VelocityTracker &gt; Sample Recording &gt; should record position samples correctly" time="0.000638708">
        </testcase>
        <testcase classname="src/__tests__/physics/velocity-tracker.test.ts" name="VelocityTracker &gt; Sample Recording &gt; should respect buffer size limits" time="0.000158959">
        </testcase>
        <testcase classname="src/__tests__/physics/velocity-tracker.test.ts" name="VelocityTracker &gt; Sample Recording &gt; should handle rapid sample recording with throttling" time="0.000155208">
        </testcase>
        <testcase classname="src/__tests__/physics/velocity-tracker.test.ts" name="VelocityTracker &gt; Velocity Calculation &gt; should calculate velocity from multiple samples" time="0.000263917">
        </testcase>
        <testcase classname="src/__tests__/physics/velocity-tracker.test.ts" name="VelocityTracker &gt; Velocity Calculation &gt; should return zero velocity with insufficient samples" time="0.000151667">
        </testcase>
        <testcase classname="src/__tests__/physics/velocity-tracker.test.ts" name="VelocityTracker &gt; Velocity Calculation &gt; should calculate velocity direction correctly" time="0.000275083">
        </testcase>
        <testcase classname="src/__tests__/physics/velocity-tracker.test.ts" name="VelocityTracker &gt; Velocity Calculation &gt; should calculate velocity components correctly" time="0.001819">
        </testcase>
        <testcase classname="src/__tests__/physics/velocity-tracker.test.ts" name="VelocityTracker &gt; Peak Velocity and Averages &gt; should detect peak velocity correctly" time="0.00019375">
        </testcase>
        <testcase classname="src/__tests__/physics/velocity-tracker.test.ts" name="VelocityTracker &gt; Peak Velocity and Averages &gt; should return zero for no samples" time="0.00031525">
        </testcase>
        <testcase classname="src/__tests__/physics/velocity-tracker.test.ts" name="VelocityTracker &gt; Peak Velocity and Averages &gt; should calculate average velocity" time="0.000138833">
        </testcase>
        <testcase classname="src/__tests__/physics/velocity-tracker.test.ts" name="VelocityTracker &gt; State Management &gt; should reset tracker state correctly" time="0.000427">
        </testcase>
        <testcase classname="src/__tests__/physics/velocity-tracker.test.ts" name="VelocityTracker &gt; State Management &gt; should maintain configuration after reset" time="0.000435458">
        </testcase>
        <testcase classname="src/__tests__/physics/velocity-tracker.test.ts" name="VelocityTracker &gt; State Management &gt; should update configuration correctly" time="0.000083459">
        </testcase>
        <testcase classname="src/__tests__/physics/velocity-tracker.test.ts" name="VelocityTracker &gt; Gesture Recognition &gt; should detect swipe gestures correctly" time="0.000089916">
        </testcase>
        <testcase classname="src/__tests__/physics/velocity-tracker.test.ts" name="VelocityTracker &gt; Gesture Recognition &gt; should reject non-swipe movements" time="0.000046625">
        </testcase>
        <testcase classname="src/__tests__/physics/velocity-tracker.test.ts" name="VelocityTracker &gt; Gesture Recognition &gt; should calculate total distance correctly" time="0.000051625">
        </testcase>
        <testcase classname="src/__tests__/physics/velocity-tracker.test.ts" name="VelocityTracker &gt; Gesture Recognition &gt; should calculate motion duration correctly" time="0.000056334">
        </testcase>
        <testcase classname="src/__tests__/physics/velocity-tracker.test.ts" name="VelocityTracker &gt; Position Prediction &gt; should predict future positions correctly" time="0.000091292">
        </testcase>
        <testcase classname="src/__tests__/physics/velocity-tracker.test.ts" name="VelocityTracker &gt; Position Prediction &gt; should handle prediction with no data" time="0.000052709">
        </testcase>
        <testcase classname="src/__tests__/physics/velocity-tracker.test.ts" name="VelocityTracker &gt; Performance &gt; should efficiently handle large numbers of samples" time="0.00482925">
        </testcase>
        <testcase classname="src/__tests__/physics/velocity-tracker.test.ts" name="VelocityTracker &gt; Performance &gt; should handle invalid inputs gracefully" time="0.000762083">
        </testcase>
        <testcase classname="src/__tests__/physics/velocity-tracker.test.ts" name="VelocityTracker &gt; Static Methods &gt; should calculate velocity between two points" time="0.000076291">
        </testcase>
        <testcase classname="src/__tests__/physics/velocity-tracker.test.ts" name="VelocityTracker &gt; Static Methods &gt; should calculate direction between two points" time="0.000052291">
        </testcase>
        <testcase classname="src/__tests__/physics/velocity-tracker.test.ts" name="VelocityTracker &gt; Static Methods &gt; should handle zero time intervals in static calculation" time="0.000045">
        </testcase>
    </testsuite>
    <testsuite name="src/__tests__/integration/complete-system-api-integration.test.ts" timestamp="2025-07-01T20:29:51.311Z" hostname="MacBookPro.lan" tests="9" failures="0" errors="0" skipped="0" time="0.037936958">
        <testcase classname="src/__tests__/integration/complete-system-api-integration.test.ts" name="Complete System API Integration &gt; JavaScript API Integration &gt; should expose proper JavaScript API for integration" time="0.006253459">
        </testcase>
        <testcase classname="src/__tests__/integration/complete-system-api-integration.test.ts" name="Complete System API Integration &gt; JavaScript API Integration &gt; should maintain state consistency across API calls" time="0.003711708">
        </testcase>
        <testcase classname="src/__tests__/integration/complete-system-api-integration.test.ts" name="Complete System API Integration &gt; JavaScript API Integration &gt; should coordinate gesture recognition with internal state" time="0.002553459">
        </testcase>
        <testcase classname="src/__tests__/integration/complete-system-api-integration.test.ts" name="Complete System API Integration &gt; JavaScript API Integration &gt; should coordinate play/pause state via API" time="0.002537583">
        </testcase>
        <testcase classname="src/__tests__/integration/complete-system-api-integration.test.ts" name="Complete System API Integration &gt; Component Integration via API &gt; should coordinate between physics engine and UI state" time="0.002620833">
        </testcase>
        <testcase classname="src/__tests__/integration/complete-system-api-integration.test.ts" name="Complete System API Integration &gt; Component Integration via API &gt; should maintain engine state consistency" time="0.002362375">
        </testcase>
        <testcase classname="src/__tests__/integration/complete-system-api-integration.test.ts" name="Complete System API Integration &gt; Component Integration via API &gt; should handle rapid API state changes" time="0.002475625">
        </testcase>
        <testcase classname="src/__tests__/integration/complete-system-api-integration.test.ts" name="Complete System API Integration &gt; API Error Handling and Recovery &gt; should handle API access gracefully during initialization" time="0.010187417">
        </testcase>
        <testcase classname="src/__tests__/integration/complete-system-api-integration.test.ts" name="Complete System API Integration &gt; API Error Handling and Recovery &gt; should recover from API errors gracefully" time="0.003682792">
        </testcase>
    </testsuite>
    <testsuite name="src/__tests__/integration/enhanced-input-controller-integration.test.ts" timestamp="2025-07-01T20:29:51.318Z" hostname="MacBookPro.lan" tests="17" failures="0" errors="0" skipped="0" time="0.532130875">
        <testcase classname="src/__tests__/integration/enhanced-input-controller-integration.test.ts" name="Enhanced Input Controller Integration &gt; Enhanced Input Controller Integration &gt; should initialize all enhanced input components" time="0.004271041">
        </testcase>
        <testcase classname="src/__tests__/integration/enhanced-input-controller-integration.test.ts" name="Enhanced Input Controller Integration &gt; Enhanced Input Controller Integration &gt; should coordinate gesture recognition with physics calculations" time="0.081446583">
        </testcase>
        <testcase classname="src/__tests__/integration/enhanced-input-controller-integration.test.ts" name="Enhanced Input Controller Integration &gt; Enhanced Input Controller Integration &gt; should handle keyboard navigation with accessibility features" time="0.000662959">
        </testcase>
        <testcase classname="src/__tests__/integration/enhanced-input-controller-integration.test.ts" name="Enhanced Input Controller Integration &gt; Enhanced Input Controller Integration &gt; should throttle high-frequency events for performance" time="0.103192792">
        </testcase>
        <testcase classname="src/__tests__/integration/enhanced-input-controller-integration.test.ts" name="Enhanced Input Controller Integration &gt; Component Coordination &gt; should coordinate EventThrottler with GestureRecognizer" time="0.068725792">
        </testcase>
        <testcase classname="src/__tests__/integration/enhanced-input-controller-integration.test.ts" name="Enhanced Input Controller Integration &gt; Component Coordination &gt; should integrate KeyboardNavigator with accessibility announcements" time="0.001009459">
        </testcase>
        <testcase classname="src/__tests__/integration/enhanced-input-controller-integration.test.ts" name="Enhanced Input Controller Integration &gt; Component Coordination &gt; should handle component cleanup coordination" time="0.000681458">
        </testcase>
        <testcase classname="src/__tests__/integration/enhanced-input-controller-integration.test.ts" name="Enhanced Input Controller Integration &gt; GSAP Physics Integration &gt; should integrate gesture velocity with kinetic physics" time="0.0035275">
        </testcase>
        <testcase classname="src/__tests__/integration/enhanced-input-controller-integration.test.ts" name="Enhanced Input Controller Integration &gt; GSAP Physics Integration &gt; should use spring physics for gesture feedback" time="0.006797708">
        </testcase>
        <testcase classname="src/__tests__/integration/enhanced-input-controller-integration.test.ts" name="Enhanced Input Controller Integration &gt; GSAP Physics Integration &gt; should coordinate velocity tracking with gesture recognition" time="0.000756166">
        </testcase>
        <testcase classname="src/__tests__/integration/enhanced-input-controller-integration.test.ts" name="Enhanced Input Controller Integration &gt; Cross-Component Performance &gt; should maintain 60fps under combined load" time="0.200488916">
        </testcase>
        <testcase classname="src/__tests__/integration/enhanced-input-controller-integration.test.ts" name="Enhanced Input Controller Integration &gt; Cross-Component Performance &gt; should efficiently handle concurrent gesture and keyboard input" time="0.032785584">
        </testcase>
        <testcase classname="src/__tests__/integration/enhanced-input-controller-integration.test.ts" name="Enhanced Input Controller Integration &gt; Error Handling and Edge Cases &gt; should handle malformed events gracefully across all components" time="0.000906208">
        </testcase>
        <testcase classname="src/__tests__/integration/enhanced-input-controller-integration.test.ts" name="Enhanced Input Controller Integration &gt; Error Handling and Edge Cases &gt; should handle component initialization failures gracefully" time="0.007984084">
            <system-out>
Expected initialization error: Error: Event listener failed
    at Object.&lt;anonymous&gt; [90m(/Users/zach/CursorProjects/kineticslider/[39msrc/__tests__/integration/enhanced-input-controller-integration.test.ts:541:17[90m)[39m
    at Object.mockCall [90m(file:///Users/zach/CursorProjects/kineticslider/[39mnode_modules/[4m.pnpm[24m/@vitest+spy@3.1.3/node_modules/[4m@vitest[24m/spy/dist/index.js:66:15[90m)[39m
    at Object.spy [as addEventListener] [90m(file:///Users/zach/CursorProjects/kineticslider/[39mnode_modules/[4m.pnpm[24m/tinyspy@3.0.2/node_modules/[4mtinyspy[24m/dist/index.js:45:80[90m)[39m
    at GestureRecognizer.setupEventListeners [90m(/Users/zach/CursorProjects/kineticslider/[39msrc/input/gesture-recognizer.ts:177:18[90m)[39m
    at new GestureRecognizer [90m(/Users/zach/CursorProjects/kineticslider/[39msrc/input/gesture-recognizer.ts:169:10[90m)[39m
    at SliderController.setupGestureRecognizer [90m(/Users/zach/CursorProjects/kineticslider/[39msrc/input/index.ts:95:30[90m)[39m
    at SliderController.initialize [90m(/Users/zach/CursorProjects/kineticslider/[39msrc/input/index.ts:75:10[90m)[39m
    at [90m/Users/zach/CursorProjects/kineticslider/[39msrc/__tests__/integration/enhanced-input-controller-integration.test.ts:554:22
    at Proxy.assertThrows [90m(file:///Users/zach/CursorProjects/kineticslider/[39mnode_modules/[4m.pnpm[24m/chai@5.2.0/node_modules/[4mchai[24m/chai.js:2723:5[90m)[39m
    at Proxy.methodWrapper [90m(file:///Users/zach/CursorProjects/kineticslider/[39mnode_modules/[4m.pnpm[24m/chai@5.2.0/node_modules/[4mchai[24m/chai.js:1618:25[90m)[39m

            </system-out>
        </testcase>
        <testcase classname="src/__tests__/integration/enhanced-input-controller-integration.test.ts" name="Enhanced Input Controller Integration &gt; Error Handling and Edge Cases &gt; should handle cleanup when components are partially initialized" time="0.000812292">
        </testcase>
        <testcase classname="src/__tests__/integration/enhanced-input-controller-integration.test.ts" name="Enhanced Input Controller Integration &gt; Real-World Usage Scenarios &gt; should handle rapid swipe-to-keyboard transitions" time="0.013895">
        </testcase>
        <testcase classname="src/__tests__/integration/enhanced-input-controller-integration.test.ts" name="Enhanced Input Controller Integration &gt; Real-World Usage Scenarios &gt; should handle touch device interactions with accessibility" time="0.001144875">
        </testcase>
    </testsuite>
    <testsuite name="src/__tests__/integration/physics-facade-integration.test.ts" timestamp="2025-07-01T20:29:51.339Z" hostname="MacBookPro.lan" tests="14" failures="0" errors="0" skipped="0" time="0.008807292">
        <testcase classname="src/__tests__/integration/physics-facade-integration.test.ts" name="SliderPhysics Facade Integration &gt; Component Integration and Coordination &gt; should initialize with real components and coordinate them" time="0.001638292">
        </testcase>
        <testcase classname="src/__tests__/integration/physics-facade-integration.test.ts" name="SliderPhysics Facade Integration &gt; Component Integration and Coordination &gt; should coordinate physics calculations with renderer" time="0.000899">
        </testcase>
        <testcase classname="src/__tests__/integration/physics-facade-integration.test.ts" name="SliderPhysics Facade Integration &gt; Component Integration and Coordination &gt; should handle sprite management across components" time="0.000802333">
        </testcase>
        <testcase classname="src/__tests__/integration/physics-facade-integration.test.ts" name="SliderPhysics Facade Integration &gt; Component Integration and Coordination &gt; should update physics configuration across components" time="0.000243833">
        </testcase>
        <testcase classname="src/__tests__/integration/physics-facade-integration.test.ts" name="SliderPhysics Facade Integration &gt; Real Component Workflow Integration &gt; should execute complete animation workflow with real components" time="0.000670667">
        </testcase>
        <testcase classname="src/__tests__/integration/physics-facade-integration.test.ts" name="SliderPhysics Facade Integration &gt; Real Component Workflow Integration &gt; should coordinate performance statistics from real renderer" time="0.000322459">
        </testcase>
        <testcase classname="src/__tests__/integration/physics-facade-integration.test.ts" name="SliderPhysics Facade Integration &gt; Real Component Workflow Integration &gt; should handle batch animations with real renderer coordination" time="0.000312916">
        </testcase>
        <testcase classname="src/__tests__/integration/physics-facade-integration.test.ts" name="SliderPhysics Facade Integration &gt; Advanced Integration Scenarios &gt; should handle rapid successive operations with real components" time="0.000320584">
        </testcase>
        <testcase classname="src/__tests__/integration/physics-facade-integration.test.ts" name="SliderPhysics Facade Integration &gt; Advanced Integration Scenarios &gt; should coordinate cleanup across all real components" time="0.000809125">
        </testcase>
        <testcase classname="src/__tests__/integration/physics-facade-integration.test.ts" name="SliderPhysics Facade Integration &gt; Advanced Integration Scenarios &gt; should handle edge cases with real component coordination" time="0.000221709">
        </testcase>
        <testcase classname="src/__tests__/integration/physics-facade-integration.test.ts" name="SliderPhysics Facade Integration &gt; Component Behavior Validation &gt; should validate physics calculations are applied to rendering" time="0.000197292">
        </testcase>
        <testcase classname="src/__tests__/integration/physics-facade-integration.test.ts" name="SliderPhysics Facade Integration &gt; Component Behavior Validation &gt; should validate real momentum and spring calculations" time="0.000218">
        </testcase>
        <testcase classname="src/__tests__/integration/physics-facade-integration.test.ts" name="SliderPhysics Facade Integration &gt; Integration with Unit-Testable Components &gt; should support dependency injection for unit testing" time="0.000097791">
        </testcase>
        <testcase classname="src/__tests__/integration/physics-facade-integration.test.ts" name="SliderPhysics Facade Integration &gt; Integration with Unit-Testable Components &gt; should maintain DRY principles across test types" time="0.000095083">
        </testcase>
    </testsuite>
    <testsuite name="src/__tests__/integration/physics-integration.test.ts" timestamp="2025-07-01T20:29:51.343Z" hostname="MacBookPro.lan" tests="14" failures="0" errors="0" skipped="0" time="0.0193995">
        <testcase classname="src/__tests__/integration/physics-integration.test.ts" name="Physics Component Integration &gt; Cross-Physics Integration Workflows &gt; should handle complete drag-to-momentum-to-snap workflow" time="0.002184583">
        </testcase>
        <testcase classname="src/__tests__/integration/physics-integration.test.ts" name="Physics Component Integration &gt; Cross-Physics Integration Workflows &gt; should coordinate multiple physics calculations for gesture recognition" time="0.000434125">
        </testcase>
        <testcase classname="src/__tests__/integration/physics-integration.test.ts" name="Physics Component Integration &gt; Cross-Physics Integration Workflows &gt; should handle spring-based displacement corrections" time="0.000456666">
        </testcase>
        <testcase classname="src/__tests__/integration/physics-integration.test.ts" name="Physics Component Integration &gt; Cross-Physics Integration Workflows &gt; should coordinate timeline sequencing for complex animations" time="0.000387209">
        </testcase>
        <testcase classname="src/__tests__/integration/physics-integration.test.ts" name="Physics Component Integration &gt; Performance Integration &gt; should maintain performance across multiple physics calculations" time="0.002363958">
        </testcase>
        <testcase classname="src/__tests__/integration/physics-integration.test.ts" name="Physics Component Integration &gt; Performance Integration &gt; should handle memory efficiently with large datasets" time="0.000603917">
        </testcase>
        <testcase classname="src/__tests__/integration/physics-integration.test.ts" name="Physics Component Integration &gt; Performance Integration &gt; should coordinate physics calculations under stress" time="0.0011465">
        </testcase>
        <testcase classname="src/__tests__/integration/physics-integration.test.ts" name="Physics Component Integration &gt; Error Handling Integration &gt; should handle cascading errors gracefully" time="0.005792792">
        </testcase>
        <testcase classname="src/__tests__/integration/physics-integration.test.ts" name="Physics Component Integration &gt; Error Handling Integration &gt; should maintain system stability with invalid inputs" time="0.001313041">
        </testcase>
        <testcase classname="src/__tests__/integration/physics-integration.test.ts" name="Physics Component Integration &gt; Error Handling Integration &gt; should recover from timeline creation failures" time="0.000572625">
        </testcase>
        <testcase classname="src/__tests__/integration/physics-integration.test.ts" name="Physics Component Integration &gt; Configuration Integration &gt; should maintain consistent configuration across components" time="0.000487833">
        </testcase>
        <testcase classname="src/__tests__/integration/physics-integration.test.ts" name="Physics Component Integration &gt; Configuration Integration &gt; should handle configuration validation across components" time="0.000389541">
        </testcase>
        <testcase classname="src/__tests__/integration/physics-integration.test.ts" name="Physics Component Integration &gt; Real-World Scenario Integration &gt; should handle complete user interaction simulation" time="0.001022666">
        </testcase>
        <testcase classname="src/__tests__/integration/physics-integration.test.ts" name="Physics Component Integration &gt; Real-World Scenario Integration &gt; should handle multi-sprite coordinated animations" time="0.000628958">
        </testcase>
    </testsuite>
    <testsuite name="src/__tests__/integration/pixi-renderer.test.ts" timestamp="2025-07-01T20:29:51.345Z" hostname="MacBookPro.lan" tests="22" failures="0" errors="0" skipped="0" time="0.013682167">
        <testcase classname="src/__tests__/integration/pixi-renderer.test.ts" name="PixiSliderRenderer Integration &gt; Transition Animation Application &gt; should apply transition sequence to real sprites" time="0.005647583">
        </testcase>
        <testcase classname="src/__tests__/integration/pixi-renderer.test.ts" name="PixiSliderRenderer Integration &gt; Transition Animation Application &gt; should handle source sprite exit animation" time="0.000795583">
        </testcase>
        <testcase classname="src/__tests__/integration/pixi-renderer.test.ts" name="PixiSliderRenderer Integration &gt; Transition Animation Application &gt; should apply target sprite animation correctly" time="0.000534667">
        </testcase>
        <testcase classname="src/__tests__/integration/pixi-renderer.test.ts" name="PixiSliderRenderer Integration &gt; Swipe Animation Application &gt; should apply swipe animation to sprites" time="0.000405125">
        </testcase>
        <testcase classname="src/__tests__/integration/pixi-renderer.test.ts" name="PixiSliderRenderer Integration &gt; Swipe Animation Application &gt; should handle different swipe directions" time="0.000252709">
        </testcase>
        <testcase classname="src/__tests__/integration/pixi-renderer.test.ts" name="PixiSliderRenderer Integration &gt; Swipe Animation Application &gt; should handle zero intensity swipe" time="0.000127166">
        </testcase>
        <testcase classname="src/__tests__/integration/pixi-renderer.test.ts" name="PixiSliderRenderer Integration &gt; Scale Animation Application &gt; should apply scale animation to sprites" time="0.000202875">
        </testcase>
        <testcase classname="src/__tests__/integration/pixi-renderer.test.ts" name="PixiSliderRenderer Integration &gt; Scale Animation Application &gt; should handle minimum scale constraints" time="0.000157667">
        </testcase>
        <testcase classname="src/__tests__/integration/pixi-renderer.test.ts" name="PixiSliderRenderer Integration &gt; Scale Animation Application &gt; should handle large scale values" time="0.0002645">
        </testcase>
        <testcase classname="src/__tests__/integration/pixi-renderer.test.ts" name="PixiSliderRenderer Integration &gt; Timeline Management &gt; should track active timelines" time="0.000572208">
        </testcase>
        <testcase classname="src/__tests__/integration/pixi-renderer.test.ts" name="PixiSliderRenderer Integration &gt; Timeline Management &gt; should cleanup timelines properly" time="0.000378416">
        </testcase>
        <testcase classname="src/__tests__/integration/pixi-renderer.test.ts" name="PixiSliderRenderer Integration &gt; Timeline Management &gt; should handle multiple concurrent animations" time="0.000857584">
        </testcase>
        <testcase classname="src/__tests__/integration/pixi-renderer.test.ts" name="PixiSliderRenderer Integration &gt; Error Handling Integration &gt; should handle missing sprites gracefully" time="0.000184208">
        </testcase>
        <testcase classname="src/__tests__/integration/pixi-renderer.test.ts" name="PixiSliderRenderer Integration &gt; Error Handling Integration &gt; should handle empty sprite array" time="0.000116334">
        </testcase>
        <testcase classname="src/__tests__/integration/pixi-renderer.test.ts" name="PixiSliderRenderer Integration &gt; Error Handling Integration &gt; should handle malformed animation data" time="0.000182375">
        </testcase>
        <testcase classname="src/__tests__/integration/pixi-renderer.test.ts" name="PixiSliderRenderer Integration &gt; GSAP Integration &gt; should use GSAP timeline features" time="0.000125">
        </testcase>
        <testcase classname="src/__tests__/integration/pixi-renderer.test.ts" name="PixiSliderRenderer Integration &gt; GSAP Integration &gt; should respect GSAP easing configurations" time="0.000100208">
        </testcase>
        <testcase classname="src/__tests__/integration/pixi-renderer.test.ts" name="PixiSliderRenderer Integration &gt; GSAP Integration &gt; should handle GSAP animation completion" time="0.000064">
        </testcase>
        <testcase classname="src/__tests__/integration/pixi-renderer.test.ts" name="PixiSliderRenderer Integration &gt; Performance Integration &gt; should create timelines efficiently" time="0.000172875">
        </testcase>
        <testcase classname="src/__tests__/integration/pixi-renderer.test.ts" name="PixiSliderRenderer Integration &gt; Performance Integration &gt; should handle rapid animation requests" time="0.000410833">
        </testcase>
        <testcase classname="src/__tests__/integration/pixi-renderer.test.ts" name="PixiSliderRenderer Integration &gt; Performance Stats Integration &gt; should track performance statistics" time="0.000134">
        </testcase>
        <testcase classname="src/__tests__/integration/pixi-renderer.test.ts" name="PixiSliderRenderer Integration &gt; Performance Stats Integration &gt; should update stats after cleanup" time="0.000094708">
        </testcase>
    </testsuite>
    <testsuite name="src/__tests__/rendering/renderer.test.ts" timestamp="2025-07-01T20:29:51.358Z" hostname="MacBookPro.lan" tests="13" failures="0" errors="0" skipped="0" time="0.012820583">
        <testcase classname="src/__tests__/rendering/renderer.test.ts" name="SliderRenderer - Unified Implementation Tests &gt; Initialization &gt; should initialize with default configuration" time="0.005800875">
        </testcase>
        <testcase classname="src/__tests__/rendering/renderer.test.ts" name="SliderRenderer - Unified Implementation Tests &gt; Initialization &gt; should handle initialization with custom container" time="0.000371125">
        </testcase>
        <testcase classname="src/__tests__/rendering/renderer.test.ts" name="SliderRenderer - Unified Implementation Tests &gt; Sprite Management &gt; should create sprites from image URLs" time="0.00053325">
        </testcase>
        <testcase classname="src/__tests__/rendering/renderer.test.ts" name="SliderRenderer - Unified Implementation Tests &gt; Sprite Management &gt; should handle multiple sprite creation" time="0.000353875">
        </testcase>
        <testcase classname="src/__tests__/rendering/renderer.test.ts" name="SliderRenderer - Unified Implementation Tests &gt; Animation Methods &gt; should apply transition animations" time="0.000671792">
        </testcase>
        <testcase classname="src/__tests__/rendering/renderer.test.ts" name="SliderRenderer - Unified Implementation Tests &gt; Animation Methods &gt; should apply swipe animations" time="0.00062675">
        </testcase>
        <testcase classname="src/__tests__/rendering/renderer.test.ts" name="SliderRenderer - Unified Implementation Tests &gt; Animation Methods &gt; should handle scale animations" time="0.000420708">
        </testcase>
        <testcase classname="src/__tests__/rendering/renderer.test.ts" name="SliderRenderer - Unified Implementation Tests &gt; Resource Management &gt; should kill all animations" time="0.000295208">
        </testcase>
        <testcase classname="src/__tests__/rendering/renderer.test.ts" name="SliderRenderer - Unified Implementation Tests &gt; Resource Management &gt; should provide performance stats" time="0.000636375">
        </testcase>
        <testcase classname="src/__tests__/rendering/renderer.test.ts" name="SliderRenderer - Unified Implementation Tests &gt; Resource Management &gt; should cleanup resources properly" time="0.000344">
        </testcase>
        <testcase classname="src/__tests__/rendering/renderer.test.ts" name="SliderRenderer - Unified Implementation Tests &gt; Resource Management &gt; should destroy resources properly" time="0.000291833">
        </testcase>
        <testcase classname="src/__tests__/rendering/renderer.test.ts" name="SliderRenderer - Unified Implementation Tests &gt; Error Handling &gt; should handle initialization errors gracefully" time="0.000428916">
        </testcase>
        <testcase classname="src/__tests__/rendering/renderer.test.ts" name="SliderRenderer - Unified Implementation Tests &gt; Error Handling &gt; should handle missing container gracefully" time="0.000476083">
        </testcase>
    </testsuite>
</testsuites>
